[0.069s] DEBUG:colcon:Command line arguments: ['/usr/bin/colcon', 'build']
[0.069s] DEBUG:colcon:Parsed command line arguments: Namespace(log_base=None, log_level=None, verb_name='build', build_base='build', install_base='install', merge_install=False, symlink_install=False, test_result_base=None, continue_on_error=False, executor='parallel', parallel_workers=16, event_handlers=None, ignore_user_meta=False, metas=['./colcon.meta'], base_paths=['.'], packages_ignore=None, packages_ignore_regex=None, paths=None, packages_up_to=None, packages_up_to_regex=None, packages_above=None, packages_above_and_dependencies=None, packages_above_depth=None, packages_select_by_dep=None, packages_skip_by_dep=None, packages_skip_up_to=None, packages_select_build_failed=False, packages_skip_build_finished=False, packages_select_test_failures=False, packages_skip_test_passed=False, packages_select=None, packages_skip=None, packages_select_regex=None, packages_skip_regex=None, packages_start=None, packages_end=None, allow_overriding=[], cmake_args=None, cmake_target=None, cmake_target_skip_unavailable=False, cmake_clean_cache=False, cmake_clean_first=False, cmake_force_configure=False, ament_cmake_args=None, catkin_cmake_args=None, catkin_skip_building_tests=False, verb_parser=<colcon_defaults.argument_parser.defaults.DefaultArgumentsDecorator object at 0x7c98de8828d0>, verb_extension=<colcon_core.verb.build.BuildVerb object at 0x7c98de8826f0>, main=<bound method BuildVerb.main of <colcon_core.verb.build.BuildVerb object at 0x7c98de8826f0>>)
[0.092s] Level 1:colcon.colcon_core.package_discovery:discover_packages(colcon_meta) check parameters
[0.092s] Level 1:colcon.colcon_core.package_discovery:discover_packages(recursive) check parameters
[0.092s] Level 1:colcon.colcon_core.package_discovery:discover_packages(ignore) check parameters
[0.092s] Level 1:colcon.colcon_core.package_discovery:discover_packages(path) check parameters
[0.093s] Level 1:colcon.colcon_core.package_discovery:discover_packages(colcon_meta) discover
[0.093s] Level 1:colcon.colcon_core.package_discovery:discover_packages(recursive) discover
[0.093s] INFO:colcon.colcon_core.package_discovery:Crawling recursively for packages in '/home/omen/tp2_ws'
[0.093s] Level 1:colcon.colcon_core.package_identification:_identify(.) by extensions ['ignore', 'ignore_ament_install']
[0.093s] Level 1:colcon.colcon_core.package_identification:_identify(.) by extension 'ignore'
[0.093s] Level 1:colcon.colcon_core.package_identification:_identify(.) by extension 'ignore_ament_install'
[0.093s] Level 1:colcon.colcon_core.package_identification:_identify(.) by extensions ['colcon_pkg']
[0.093s] Level 1:colcon.colcon_core.package_identification:_identify(.) by extension 'colcon_pkg'
[0.093s] Level 1:colcon.colcon_core.package_identification:_identify(.) by extensions ['colcon_meta']
[0.093s] Level 1:colcon.colcon_core.package_identification:_identify(.) by extension 'colcon_meta'
[0.093s] Level 1:colcon.colcon_core.package_identification:_identify(.) by extensions ['ros']
[0.093s] Level 1:colcon.colcon_core.package_identification:_identify(.) by extension 'ros'
[0.108s] Level 1:colcon.colcon_core.package_identification:_identify(.) by extensions ['cmake', 'python']
[0.108s] Level 1:colcon.colcon_core.package_identification:_identify(.) by extension 'cmake'
[0.108s] Level 1:colcon.colcon_core.package_identification:_identify(.) by extension 'python'
[0.109s] Level 1:colcon.colcon_core.package_identification:_identify(.) by extensions ['python_setup_py']
[0.109s] Level 1:colcon.colcon_core.package_identification:_identify(.) by extension 'python_setup_py'
[0.109s] Level 1:colcon.colcon_core.package_identification:_identify(build) by extensions ['ignore', 'ignore_ament_install']
[0.109s] Level 1:colcon.colcon_core.package_identification:_identify(build) by extension 'ignore'
[0.109s] Level 1:colcon.colcon_core.package_identification:_identify(build) ignored
[0.109s] Level 1:colcon.colcon_core.package_identification:_identify(install) by extensions ['ignore', 'ignore_ament_install']
[0.109s] Level 1:colcon.colcon_core.package_identification:_identify(install) by extension 'ignore'
[0.109s] Level 1:colcon.colcon_core.package_identification:_identify(install) ignored
[0.109s] Level 1:colcon.colcon_core.package_identification:_identify(log) by extensions ['ignore', 'ignore_ament_install']
[0.109s] Level 1:colcon.colcon_core.package_identification:_identify(log) by extension 'ignore'
[0.109s] Level 1:colcon.colcon_core.package_identification:_identify(log) ignored
[0.109s] Level 1:colcon.colcon_core.package_identification:_identify(mon_teleop) by extensions ['ignore', 'ignore_ament_install']
[0.109s] Level 1:colcon.colcon_core.package_identification:_identify(mon_teleop) by extension 'ignore'
[0.109s] Level 1:colcon.colcon_core.package_identification:_identify(mon_teleop) by extension 'ignore_ament_install'
[0.109s] Level 1:colcon.colcon_core.package_identification:_identify(mon_teleop) by extensions ['colcon_pkg']
[0.109s] Level 1:colcon.colcon_core.package_identification:_identify(mon_teleop) by extension 'colcon_pkg'
[0.109s] Level 1:colcon.colcon_core.package_identification:_identify(mon_teleop) by extensions ['colcon_meta']
[0.109s] Level 1:colcon.colcon_core.package_identification:_identify(mon_teleop) by extension 'colcon_meta'
[0.109s] Level 1:colcon.colcon_core.package_identification:_identify(mon_teleop) by extensions ['ros']
[0.109s] Level 1:colcon.colcon_core.package_identification:_identify(mon_teleop) by extension 'ros'
[0.111s] DEBUG:colcon.colcon_core.package_identification:Package 'mon_teleop' with type 'ros.ament_python' and name 'mon_teleop'
[0.111s] Level 1:colcon.colcon_core.package_identification:_identify(src) by extensions ['ignore', 'ignore_ament_install']
[0.111s] Level 1:colcon.colcon_core.package_identification:_identify(src) by extension 'ignore'
[0.111s] Level 1:colcon.colcon_core.package_identification:_identify(src) by extension 'ignore_ament_install'
[0.111s] Level 1:colcon.colcon_core.package_identification:_identify(src) by extensions ['colcon_pkg']
[0.111s] Level 1:colcon.colcon_core.package_identification:_identify(src) by extension 'colcon_pkg'
[0.111s] Level 1:colcon.colcon_core.package_identification:_identify(src) by extensions ['colcon_meta']
[0.111s] Level 1:colcon.colcon_core.package_identification:_identify(src) by extension 'colcon_meta'
[0.111s] Level 1:colcon.colcon_core.package_identification:_identify(src) by extensions ['ros']
[0.111s] Level 1:colcon.colcon_core.package_identification:_identify(src) by extension 'ros'
[0.111s] Level 1:colcon.colcon_core.package_identification:_identify(src) by extensions ['cmake', 'python']
[0.111s] Level 1:colcon.colcon_core.package_identification:_identify(src) by extension 'cmake'
[0.111s] Level 1:colcon.colcon_core.package_identification:_identify(src) by extension 'python'
[0.111s] Level 1:colcon.colcon_core.package_identification:_identify(src) by extensions ['python_setup_py']
[0.111s] Level 1:colcon.colcon_core.package_identification:_identify(src) by extension 'python_setup_py'
[0.111s] Level 1:colcon.colcon_core.package_identification:_identify(src/mon_evitement) by extensions ['ignore', 'ignore_ament_install']
[0.111s] Level 1:colcon.colcon_core.package_identification:_identify(src/mon_evitement) by extension 'ignore'
[0.111s] Level 1:colcon.colcon_core.package_identification:_identify(src/mon_evitement) by extension 'ignore_ament_install'
[0.112s] Level 1:colcon.colcon_core.package_identification:_identify(src/mon_evitement) by extensions ['colcon_pkg']
[0.112s] Level 1:colcon.colcon_core.package_identification:_identify(src/mon_evitement) by extension 'colcon_pkg'
[0.112s] Level 1:colcon.colcon_core.package_identification:_identify(src/mon_evitement) by extensions ['colcon_meta']
[0.112s] Level 1:colcon.colcon_core.package_identification:_identify(src/mon_evitement) by extension 'colcon_meta'
[0.112s] Level 1:colcon.colcon_core.package_identification:_identify(src/mon_evitement) by extensions ['ros']
[0.112s] Level 1:colcon.colcon_core.package_identification:_identify(src/mon_evitement) by extension 'ros'
[0.112s] DEBUG:colcon.colcon_core.package_identification:Package 'src/mon_evitement' with type 'ros.ament_python' and name 'mon_evitement'
[0.112s] Level 1:colcon.colcon_core.package_identification:_identify(src/turtlebot3_simulations) by extensions ['ignore', 'ignore_ament_install']
[0.112s] Level 1:colcon.colcon_core.package_identification:_identify(src/turtlebot3_simulations) by extension 'ignore'
[0.112s] Level 1:colcon.colcon_core.package_identification:_identify(src/turtlebot3_simulations) by extension 'ignore_ament_install'
[0.112s] Level 1:colcon.colcon_core.package_identification:_identify(src/turtlebot3_simulations) by extensions ['colcon_pkg']
[0.112s] Level 1:colcon.colcon_core.package_identification:_identify(src/turtlebot3_simulations) by extension 'colcon_pkg'
[0.112s] Level 1:colcon.colcon_core.package_identification:_identify(src/turtlebot3_simulations) by extensions ['colcon_meta']
[0.112s] Level 1:colcon.colcon_core.package_identification:_identify(src/turtlebot3_simulations) by extension 'colcon_meta'
[0.112s] Level 1:colcon.colcon_core.package_identification:_identify(src/turtlebot3_simulations) by extensions ['ros']
[0.112s] Level 1:colcon.colcon_core.package_identification:_identify(src/turtlebot3_simulations) by extension 'ros'
[0.112s] Level 1:colcon.colcon_core.package_identification:_identify(src/turtlebot3_simulations) by extensions ['cmake', 'python']
[0.112s] Level 1:colcon.colcon_core.package_identification:_identify(src/turtlebot3_simulations) by extension 'cmake'
[0.112s] Level 1:colcon.colcon_core.package_identification:_identify(src/turtlebot3_simulations) by extension 'python'
[0.112s] Level 1:colcon.colcon_core.package_identification:_identify(src/turtlebot3_simulations) by extensions ['python_setup_py']
[0.112s] Level 1:colcon.colcon_core.package_identification:_identify(src/turtlebot3_simulations) by extension 'python_setup_py'
[0.112s] Level 1:colcon.colcon_core.package_identification:_identify(src/turtlebot3_simulations/turtlebot3_fake_node) by extensions ['ignore', 'ignore_ament_install']
[0.112s] Level 1:colcon.colcon_core.package_identification:_identify(src/turtlebot3_simulations/turtlebot3_fake_node) by extension 'ignore'
[0.112s] Level 1:colcon.colcon_core.package_identification:_identify(src/turtlebot3_simulations/turtlebot3_fake_node) by extension 'ignore_ament_install'
[0.112s] Level 1:colcon.colcon_core.package_identification:_identify(src/turtlebot3_simulations/turtlebot3_fake_node) by extensions ['colcon_pkg']
[0.112s] Level 1:colcon.colcon_core.package_identification:_identify(src/turtlebot3_simulations/turtlebot3_fake_node) by extension 'colcon_pkg'
[0.112s] Level 1:colcon.colcon_core.package_identification:_identify(src/turtlebot3_simulations/turtlebot3_fake_node) by extensions ['colcon_meta']
[0.112s] Level 1:colcon.colcon_core.package_identification:_identify(src/turtlebot3_simulations/turtlebot3_fake_node) by extension 'colcon_meta'
[0.112s] Level 1:colcon.colcon_core.package_identification:_identify(src/turtlebot3_simulations/turtlebot3_fake_node) by extensions ['ros']
[0.112s] Level 1:colcon.colcon_core.package_identification:_identify(src/turtlebot3_simulations/turtlebot3_fake_node) by extension 'ros'
[0.113s] DEBUG:colcon.colcon_core.package_identification:Package 'src/turtlebot3_simulations/turtlebot3_fake_node' with type 'ros.ament_cmake' and name 'turtlebot3_fake_node'
[0.113s] Level 1:colcon.colcon_core.package_identification:_identify(src/turtlebot3_simulations/turtlebot3_gazebo) by extensions ['ignore', 'ignore_ament_install']
[0.113s] Level 1:colcon.colcon_core.package_identification:_identify(src/turtlebot3_simulations/turtlebot3_gazebo) by extension 'ignore'
[0.113s] Level 1:colcon.colcon_core.package_identification:_identify(src/turtlebot3_simulations/turtlebot3_gazebo) by extension 'ignore_ament_install'
[0.113s] Level 1:colcon.colcon_core.package_identification:_identify(src/turtlebot3_simulations/turtlebot3_gazebo) by extensions ['colcon_pkg']
[0.113s] Level 1:colcon.colcon_core.package_identification:_identify(src/turtlebot3_simulations/turtlebot3_gazebo) by extension 'colcon_pkg'
[0.113s] Level 1:colcon.colcon_core.package_identification:_identify(src/turtlebot3_simulations/turtlebot3_gazebo) by extensions ['colcon_meta']
[0.113s] Level 1:colcon.colcon_core.package_identification:_identify(src/turtlebot3_simulations/turtlebot3_gazebo) by extension 'colcon_meta'
[0.113s] Level 1:colcon.colcon_core.package_identification:_identify(src/turtlebot3_simulations/turtlebot3_gazebo) by extensions ['ros']
[0.113s] Level 1:colcon.colcon_core.package_identification:_identify(src/turtlebot3_simulations/turtlebot3_gazebo) by extension 'ros'
[0.114s] DEBUG:colcon.colcon_core.package_identification:Package 'src/turtlebot3_simulations/turtlebot3_gazebo' with type 'ros.ament_cmake' and name 'turtlebot3_gazebo'
[0.114s] Level 1:colcon.colcon_core.package_identification:_identify(src/turtlebot3_simulations/turtlebot3_simulations) by extensions ['ignore', 'ignore_ament_install']
[0.114s] Level 1:colcon.colcon_core.package_identification:_identify(src/turtlebot3_simulations/turtlebot3_simulations) by extension 'ignore'
[0.114s] Level 1:colcon.colcon_core.package_identification:_identify(src/turtlebot3_simulations/turtlebot3_simulations) by extension 'ignore_ament_install'
[0.114s] Level 1:colcon.colcon_core.package_identification:_identify(src/turtlebot3_simulations/turtlebot3_simulations) by extensions ['colcon_pkg']
[0.114s] Level 1:colcon.colcon_core.package_identification:_identify(src/turtlebot3_simulations/turtlebot3_simulations) by extension 'colcon_pkg'
[0.114s] Level 1:colcon.colcon_core.package_identification:_identify(src/turtlebot3_simulations/turtlebot3_simulations) by extensions ['colcon_meta']
[0.114s] Level 1:colcon.colcon_core.package_identification:_identify(src/turtlebot3_simulations/turtlebot3_simulations) by extension 'colcon_meta'
[0.114s] Level 1:colcon.colcon_core.package_identification:_identify(src/turtlebot3_simulations/turtlebot3_simulations) by extensions ['ros']
[0.114s] Level 1:colcon.colcon_core.package_identification:_identify(src/turtlebot3_simulations/turtlebot3_simulations) by extension 'ros'
[0.114s] DEBUG:colcon.colcon_core.package_identification:Package 'src/turtlebot3_simulations/turtlebot3_simulations' with type 'ros.ament_cmake' and name 'turtlebot3_simulations'
[0.114s] Level 1:colcon.colcon_core.package_discovery:discover_packages(recursive) using defaults
[0.114s] Level 1:colcon.colcon_core.package_discovery:discover_packages(ignore) discover
[0.114s] Level 1:colcon.colcon_core.package_discovery:discover_packages(ignore) using defaults
[0.114s] Level 1:colcon.colcon_core.package_discovery:discover_packages(path) discover
[0.114s] Level 1:colcon.colcon_core.package_discovery:discover_packages(path) using defaults
[0.126s] Level 1:colcon.colcon_core.package_discovery:discover_packages(prefix_path) check parameters
[0.126s] Level 1:colcon.colcon_core.package_discovery:discover_packages(prefix_path) discover
[0.127s] DEBUG:colcon.colcon_installed_package_information.package_discovery:Found 5 installed packages in /home/omen/tp2_ws/install
[0.128s] DEBUG:colcon.colcon_installed_package_information.package_discovery:Found 405 installed packages in /opt/ros/jazzy
[0.129s] Level 1:colcon.colcon_core.package_discovery:discover_packages(prefix_path) using defaults
[0.155s] Level 5:colcon.colcon_core.verb:set package 'mon_evitement' build argument 'cmake_args' from command line to 'None'
[0.155s] Level 5:colcon.colcon_core.verb:set package 'mon_evitement' build argument 'cmake_target' from command line to 'None'
[0.155s] Level 5:colcon.colcon_core.verb:set package 'mon_evitement' build argument 'cmake_target_skip_unavailable' from command line to 'False'
[0.155s] Level 5:colcon.colcon_core.verb:set package 'mon_evitement' build argument 'cmake_clean_cache' from command line to 'False'
[0.155s] Level 5:colcon.colcon_core.verb:set package 'mon_evitement' build argument 'cmake_clean_first' from command line to 'False'
[0.155s] Level 5:colcon.colcon_core.verb:set package 'mon_evitement' build argument 'cmake_force_configure' from command line to 'False'
[0.155s] Level 5:colcon.colcon_core.verb:set package 'mon_evitement' build argument 'ament_cmake_args' from command line to 'None'
[0.155s] Level 5:colcon.colcon_core.verb:set package 'mon_evitement' build argument 'catkin_cmake_args' from command line to 'None'
[0.155s] Level 5:colcon.colcon_core.verb:set package 'mon_evitement' build argument 'catkin_skip_building_tests' from command line to 'False'
[0.155s] DEBUG:colcon.colcon_core.verb:Building package 'mon_evitement' with the following arguments: {'ament_cmake_args': None, 'build_base': '/home/omen/tp2_ws/build/mon_evitement', 'catkin_cmake_args': None, 'catkin_skip_building_tests': False, 'cmake_args': None, 'cmake_clean_cache': False, 'cmake_clean_first': False, 'cmake_force_configure': False, 'cmake_target': None, 'cmake_target_skip_unavailable': False, 'install_base': '/home/omen/tp2_ws/install/mon_evitement', 'merge_install': False, 'path': '/home/omen/tp2_ws/src/mon_evitement', 'symlink_install': False, 'test_result_base': None}
[0.155s] Level 5:colcon.colcon_core.verb:set package 'mon_teleop' build argument 'cmake_args' from command line to 'None'
[0.155s] Level 5:colcon.colcon_core.verb:set package 'mon_teleop' build argument 'cmake_target' from command line to 'None'
[0.155s] Level 5:colcon.colcon_core.verb:set package 'mon_teleop' build argument 'cmake_target_skip_unavailable' from command line to 'False'
[0.155s] Level 5:colcon.colcon_core.verb:set package 'mon_teleop' build argument 'cmake_clean_cache' from command line to 'False'
[0.155s] Level 5:colcon.colcon_core.verb:set package 'mon_teleop' build argument 'cmake_clean_first' from command line to 'False'
[0.155s] Level 5:colcon.colcon_core.verb:set package 'mon_teleop' build argument 'cmake_force_configure' from command line to 'False'
[0.155s] Level 5:colcon.colcon_core.verb:set package 'mon_teleop' build argument 'ament_cmake_args' from command line to 'None'
[0.155s] Level 5:colcon.colcon_core.verb:set package 'mon_teleop' build argument 'catkin_cmake_args' from command line to 'None'
[0.155s] Level 5:colcon.colcon_core.verb:set package 'mon_teleop' build argument 'catkin_skip_building_tests' from command line to 'False'
[0.155s] DEBUG:colcon.colcon_core.verb:Building package 'mon_teleop' with the following arguments: {'ament_cmake_args': None, 'build_base': '/home/omen/tp2_ws/build/mon_teleop', 'catkin_cmake_args': None, 'catkin_skip_building_tests': False, 'cmake_args': None, 'cmake_clean_cache': False, 'cmake_clean_first': False, 'cmake_force_configure': False, 'cmake_target': None, 'cmake_target_skip_unavailable': False, 'install_base': '/home/omen/tp2_ws/install/mon_teleop', 'merge_install': False, 'path': '/home/omen/tp2_ws/mon_teleop', 'symlink_install': False, 'test_result_base': None}
[0.155s] Level 5:colcon.colcon_core.verb:set package 'turtlebot3_fake_node' build argument 'cmake_args' from command line to 'None'
[0.155s] Level 5:colcon.colcon_core.verb:set package 'turtlebot3_fake_node' build argument 'cmake_target' from command line to 'None'
[0.155s] Level 5:colcon.colcon_core.verb:set package 'turtlebot3_fake_node' build argument 'cmake_target_skip_unavailable' from command line to 'False'
[0.155s] Level 5:colcon.colcon_core.verb:set package 'turtlebot3_fake_node' build argument 'cmake_clean_cache' from command line to 'False'
[0.155s] Level 5:colcon.colcon_core.verb:set package 'turtlebot3_fake_node' build argument 'cmake_clean_first' from command line to 'False'
[0.155s] Level 5:colcon.colcon_core.verb:set package 'turtlebot3_fake_node' build argument 'cmake_force_configure' from command line to 'False'
[0.155s] Level 5:colcon.colcon_core.verb:set package 'turtlebot3_fake_node' build argument 'ament_cmake_args' from command line to 'None'
[0.155s] Level 5:colcon.colcon_core.verb:set package 'turtlebot3_fake_node' build argument 'catkin_cmake_args' from command line to 'None'
[0.155s] Level 5:colcon.colcon_core.verb:set package 'turtlebot3_fake_node' build argument 'catkin_skip_building_tests' from command line to 'False'
[0.155s] DEBUG:colcon.colcon_core.verb:Building package 'turtlebot3_fake_node' with the following arguments: {'ament_cmake_args': None, 'build_base': '/home/omen/tp2_ws/build/turtlebot3_fake_node', 'catkin_cmake_args': None, 'catkin_skip_building_tests': False, 'cmake_args': None, 'cmake_clean_cache': False, 'cmake_clean_first': False, 'cmake_force_configure': False, 'cmake_target': None, 'cmake_target_skip_unavailable': False, 'install_base': '/home/omen/tp2_ws/install/turtlebot3_fake_node', 'merge_install': False, 'path': '/home/omen/tp2_ws/src/turtlebot3_simulations/turtlebot3_fake_node', 'symlink_install': False, 'test_result_base': None}
[0.156s] Level 5:colcon.colcon_core.verb:set package 'turtlebot3_gazebo' build argument 'cmake_args' from command line to 'None'
[0.156s] Level 5:colcon.colcon_core.verb:set package 'turtlebot3_gazebo' build argument 'cmake_target' from command line to 'None'
[0.156s] Level 5:colcon.colcon_core.verb:set package 'turtlebot3_gazebo' build argument 'cmake_target_skip_unavailable' from command line to 'False'
[0.156s] Level 5:colcon.colcon_core.verb:set package 'turtlebot3_gazebo' build argument 'cmake_clean_cache' from command line to 'False'
[0.156s] Level 5:colcon.colcon_core.verb:set package 'turtlebot3_gazebo' build argument 'cmake_clean_first' from command line to 'False'
[0.156s] Level 5:colcon.colcon_core.verb:set package 'turtlebot3_gazebo' build argument 'cmake_force_configure' from command line to 'False'
[0.156s] Level 5:colcon.colcon_core.verb:set package 'turtlebot3_gazebo' build argument 'ament_cmake_args' from command line to 'None'
[0.156s] Level 5:colcon.colcon_core.verb:set package 'turtlebot3_gazebo' build argument 'catkin_cmake_args' from command line to 'None'
[0.156s] Level 5:colcon.colcon_core.verb:set package 'turtlebot3_gazebo' build argument 'catkin_skip_building_tests' from command line to 'False'
[0.156s] DEBUG:colcon.colcon_core.verb:Building package 'turtlebot3_gazebo' with the following arguments: {'ament_cmake_args': None, 'build_base': '/home/omen/tp2_ws/build/turtlebot3_gazebo', 'catkin_cmake_args': None, 'catkin_skip_building_tests': False, 'cmake_args': None, 'cmake_clean_cache': False, 'cmake_clean_first': False, 'cmake_force_configure': False, 'cmake_target': None, 'cmake_target_skip_unavailable': False, 'install_base': '/home/omen/tp2_ws/install/turtlebot3_gazebo', 'merge_install': False, 'path': '/home/omen/tp2_ws/src/turtlebot3_simulations/turtlebot3_gazebo', 'symlink_install': False, 'test_result_base': None}
[0.156s] Level 5:colcon.colcon_core.verb:set package 'turtlebot3_simulations' build argument 'cmake_args' from command line to 'None'
[0.156s] Level 5:colcon.colcon_core.verb:set package 'turtlebot3_simulations' build argument 'cmake_target' from command line to 'None'
[0.156s] Level 5:colcon.colcon_core.verb:set package 'turtlebot3_simulations' build argument 'cmake_target_skip_unavailable' from command line to 'False'
[0.156s] Level 5:colcon.colcon_core.verb:set package 'turtlebot3_simulations' build argument 'cmake_clean_cache' from command line to 'False'
[0.156s] Level 5:colcon.colcon_core.verb:set package 'turtlebot3_simulations' build argument 'cmake_clean_first' from command line to 'False'
[0.156s] Level 5:colcon.colcon_core.verb:set package 'turtlebot3_simulations' build argument 'cmake_force_configure' from command line to 'False'
[0.156s] Level 5:colcon.colcon_core.verb:set package 'turtlebot3_simulations' build argument 'ament_cmake_args' from command line to 'None'
[0.156s] Level 5:colcon.colcon_core.verb:set package 'turtlebot3_simulations' build argument 'catkin_cmake_args' from command line to 'None'
[0.156s] Level 5:colcon.colcon_core.verb:set package 'turtlebot3_simulations' build argument 'catkin_skip_building_tests' from command line to 'False'
[0.156s] DEBUG:colcon.colcon_core.verb:Building package 'turtlebot3_simulations' with the following arguments: {'ament_cmake_args': None, 'build_base': '/home/omen/tp2_ws/build/turtlebot3_simulations', 'catkin_cmake_args': None, 'catkin_skip_building_tests': False, 'cmake_args': None, 'cmake_clean_cache': False, 'cmake_clean_first': False, 'cmake_force_configure': False, 'cmake_target': None, 'cmake_target_skip_unavailable': False, 'install_base': '/home/omen/tp2_ws/install/turtlebot3_simulations', 'merge_install': False, 'path': '/home/omen/tp2_ws/src/turtlebot3_simulations/turtlebot3_simulations', 'symlink_install': False, 'test_result_base': None}
[0.156s] INFO:colcon.colcon_core.executor:Executing jobs using 'parallel' executor
[0.157s] DEBUG:colcon.colcon_parallel_executor.executor.parallel:run_until_complete
[0.157s] INFO:colcon.colcon_ros.task.ament_cmake.build:Building ROS package in '/home/omen/tp2_ws/src/turtlebot3_simulations/turtlebot3_fake_node' with build type 'ament_cmake'
[0.158s] INFO:colcon.colcon_cmake.task.cmake.build:Building CMake package in '/home/omen/tp2_ws/src/turtlebot3_simulations/turtlebot3_fake_node'
[0.159s] INFO:colcon.colcon_core.plugin_system:Skipping extension 'colcon_core.shell.bat': Not used on non-Windows systems
[0.159s] INFO:colcon.colcon_core.shell:Skip shell extension 'powershell' for command environment: Not usable outside of PowerShell
[0.159s] DEBUG:colcon.colcon_core.shell:Skip shell extension 'dsv' for command environment
[0.161s] INFO:colcon.colcon_ros.task.ament_cmake.build:Building ROS package in '/home/omen/tp2_ws/src/turtlebot3_simulations/turtlebot3_gazebo' with build type 'ament_cmake'
[0.162s] INFO:colcon.colcon_cmake.task.cmake.build:Building CMake package in '/home/omen/tp2_ws/src/turtlebot3_simulations/turtlebot3_gazebo'
[0.162s] INFO:colcon.colcon_core.shell:Skip shell extension 'powershell' for command environment: Not usable outside of PowerShell
[0.162s] DEBUG:colcon.colcon_core.shell:Skip shell extension 'dsv' for command environment
[0.164s] INFO:colcon.colcon_ros.task.ament_python.build:Building ROS package in '/home/omen/tp2_ws/src/mon_evitement' with build type 'ament_python'
[0.164s] Level 1:colcon.colcon_core.shell:create_environment_hook('mon_evitement', 'ament_prefix_path')
[0.164s] INFO:colcon.colcon_core.shell:Creating environment hook '/home/omen/tp2_ws/install/mon_evitement/share/mon_evitement/hook/ament_prefix_path.ps1'
[0.165s] INFO:colcon.colcon_core.shell:Creating environment descriptor '/home/omen/tp2_ws/install/mon_evitement/share/mon_evitement/hook/ament_prefix_path.dsv'
[0.165s] INFO:colcon.colcon_core.shell:Creating environment hook '/home/omen/tp2_ws/install/mon_evitement/share/mon_evitement/hook/ament_prefix_path.sh'
[0.165s] INFO:colcon.colcon_core.shell:Skip shell extension 'powershell' for command environment: Not usable outside of PowerShell
[0.165s] DEBUG:colcon.colcon_core.shell:Skip shell extension 'dsv' for command environment
[0.167s] INFO:colcon.colcon_ros.task.ament_python.build:Building ROS package in '/home/omen/tp2_ws/mon_teleop' with build type 'ament_python'
[0.167s] Level 1:colcon.colcon_core.shell:create_environment_hook('mon_teleop', 'ament_prefix_path')
[0.168s] INFO:colcon.colcon_core.shell:Creating environment hook '/home/omen/tp2_ws/install/mon_teleop/share/mon_teleop/hook/ament_prefix_path.ps1'
[0.168s] INFO:colcon.colcon_core.shell:Creating environment descriptor '/home/omen/tp2_ws/install/mon_teleop/share/mon_teleop/hook/ament_prefix_path.dsv'
[0.169s] INFO:colcon.colcon_core.shell:Creating environment hook '/home/omen/tp2_ws/install/mon_teleop/share/mon_teleop/hook/ament_prefix_path.sh'
[0.170s] INFO:colcon.colcon_core.shell:Skip shell extension 'powershell' for command environment: Not usable outside of PowerShell
[0.170s] DEBUG:colcon.colcon_core.shell:Skip shell extension 'dsv' for command environment
[0.178s] DEBUG:colcon.colcon_core.event_handler.log_command:Invoking command in '/home/omen/tp2_ws/build/turtlebot3_fake_node': CMAKE_PREFIX_PATH=${CMAKE_PREFIX_PATH}:/home/omen/tp2_ws/install/mon_teleop:/home/omen/tp2_ws/install/mon_evitement:/opt/ros/jazzy DEBUGINFOD_URLS=https://debuginfod.ubuntu.com /usr/bin/cmake --build /home/omen/tp2_ws/build/turtlebot3_fake_node -- -j16 -l16
[0.181s] DEBUG:colcon.colcon_core.event_handler.log_command:Invoking command in '/home/omen/tp2_ws/build/turtlebot3_gazebo': CMAKE_PREFIX_PATH=${CMAKE_PREFIX_PATH}:/home/omen/tp2_ws/install/mon_teleop:/home/omen/tp2_ws/install/mon_evitement:/opt/ros/jazzy DEBUGINFOD_URLS=https://debuginfod.ubuntu.com /usr/bin/cmake --build /home/omen/tp2_ws/build/turtlebot3_gazebo -- -j16 -l16
[0.328s] INFO:colcon.colcon_core.task.python.build:Building Python package in '/home/omen/tp2_ws/src/mon_evitement'
[0.328s] INFO:colcon.colcon_core.shell:Skip shell extension 'powershell' for command environment: Not usable outside of PowerShell
[0.328s] DEBUG:colcon.colcon_core.shell:Skip shell extension 'dsv' for command environment
[0.336s] DEBUG:colcon.colcon_core.event_handler.log_command:Invoked command in '/home/omen/tp2_ws/build/turtlebot3_fake_node' returned '0': CMAKE_PREFIX_PATH=${CMAKE_PREFIX_PATH}:/home/omen/tp2_ws/install/mon_teleop:/home/omen/tp2_ws/install/mon_evitement:/opt/ros/jazzy DEBUGINFOD_URLS=https://debuginfod.ubuntu.com /usr/bin/cmake --build /home/omen/tp2_ws/build/turtlebot3_fake_node -- -j16 -l16
[0.346s] DEBUG:colcon.colcon_core.event_handler.log_command:Invoking command in '/home/omen/tp2_ws/build/turtlebot3_fake_node': CMAKE_PREFIX_PATH=${CMAKE_PREFIX_PATH}:/home/omen/tp2_ws/install/mon_teleop:/home/omen/tp2_ws/install/mon_evitement:/opt/ros/jazzy DEBUGINFOD_URLS=https://debuginfod.ubuntu.com /usr/bin/cmake --install /home/omen/tp2_ws/build/turtlebot3_fake_node
[0.504s] INFO:colcon.colcon_core.task.python.build:Building Python package in '/home/omen/tp2_ws/mon_teleop'
[0.504s] INFO:colcon.colcon_core.shell:Skip shell extension 'powershell' for command environment: Not usable outside of PowerShell
[0.504s] DEBUG:colcon.colcon_core.shell:Skip shell extension 'dsv' for command environment
[0.509s] DEBUG:colcon.colcon_core.event_handler.log_command:Invoked command in '/home/omen/tp2_ws/build/turtlebot3_gazebo' returned '0': CMAKE_PREFIX_PATH=${CMAKE_PREFIX_PATH}:/home/omen/tp2_ws/install/mon_teleop:/home/omen/tp2_ws/install/mon_evitement:/opt/ros/jazzy DEBUGINFOD_URLS=https://debuginfod.ubuntu.com /usr/bin/cmake --build /home/omen/tp2_ws/build/turtlebot3_gazebo -- -j16 -l16
[0.510s] DEBUG:colcon.colcon_core.event_handler.log_command:Invoking command in '/home/omen/tp2_ws/build/turtlebot3_gazebo': CMAKE_PREFIX_PATH=${CMAKE_PREFIX_PATH}:/home/omen/tp2_ws/install/mon_teleop:/home/omen/tp2_ws/install/mon_evitement:/opt/ros/jazzy DEBUGINFOD_URLS=https://debuginfod.ubuntu.com /usr/bin/cmake --install /home/omen/tp2_ws/build/turtlebot3_gazebo
[0.516s] Level 1:colcon.colcon_core.environment:create_environment_scripts_only(turtlebot3_fake_node)
[0.516s] DEBUG:colcon.colcon_core.event_handler.log_command:Invoked command in '/home/omen/tp2_ws/build/turtlebot3_fake_node' returned '0': CMAKE_PREFIX_PATH=${CMAKE_PREFIX_PATH}:/home/omen/tp2_ws/install/mon_teleop:/home/omen/tp2_ws/install/mon_evitement:/opt/ros/jazzy DEBUGINFOD_URLS=https://debuginfod.ubuntu.com /usr/bin/cmake --install /home/omen/tp2_ws/build/turtlebot3_fake_node
[0.518s] Level 1:colcon.colcon_core.environment:checking '/home/omen/tp2_ws/install/turtlebot3_fake_node' for CMake module files
[0.519s] Level 1:colcon.colcon_core.environment:checking '/home/omen/tp2_ws/install/turtlebot3_fake_node' for CMake config files
[0.519s] Level 1:colcon.colcon_core.shell:create_environment_hook('turtlebot3_fake_node', 'cmake_prefix_path')
[0.519s] INFO:colcon.colcon_core.shell:Creating environment hook '/home/omen/tp2_ws/install/turtlebot3_fake_node/share/turtlebot3_fake_node/hook/cmake_prefix_path.ps1'
[0.520s] INFO:colcon.colcon_core.shell:Creating environment descriptor '/home/omen/tp2_ws/install/turtlebot3_fake_node/share/turtlebot3_fake_node/hook/cmake_prefix_path.dsv'
[0.523s] INFO:colcon.colcon_core.shell:Creating environment hook '/home/omen/tp2_ws/install/turtlebot3_fake_node/share/turtlebot3_fake_node/hook/cmake_prefix_path.sh'
[0.530s] Level 1:colcon.colcon_core.environment:checking '/home/omen/tp2_ws/install/turtlebot3_fake_node/lib'
[0.532s] Level 1:colcon.colcon_core.environment:checking '/home/omen/tp2_ws/install/turtlebot3_fake_node/bin'
[0.533s] Level 1:colcon.colcon_core.environment:checking '/home/omen/tp2_ws/install/turtlebot3_fake_node/lib/pkgconfig/turtlebot3_fake_node.pc'
[0.533s] Level 1:colcon.colcon_core.environment:checking '/home/omen/tp2_ws/install/turtlebot3_fake_node/lib/python3.12/site-packages'
[0.534s] Level 1:colcon.colcon_core.environment:checking '/home/omen/tp2_ws/install/turtlebot3_fake_node/bin'
[0.534s] INFO:colcon.colcon_core.shell:Creating package script '/home/omen/tp2_ws/install/turtlebot3_fake_node/share/turtlebot3_fake_node/package.ps1'
[0.535s] INFO:colcon.colcon_core.shell:Creating package descriptor '/home/omen/tp2_ws/install/turtlebot3_fake_node/share/turtlebot3_fake_node/package.dsv'
[0.536s] INFO:colcon.colcon_core.shell:Creating package script '/home/omen/tp2_ws/install/turtlebot3_fake_node/share/turtlebot3_fake_node/package.sh'
[0.537s] INFO:colcon.colcon_core.shell:Creating package script '/home/omen/tp2_ws/install/turtlebot3_fake_node/share/turtlebot3_fake_node/package.bash'
[0.537s] INFO:colcon.colcon_core.shell:Creating package script '/home/omen/tp2_ws/install/turtlebot3_fake_node/share/turtlebot3_fake_node/package.zsh'
[0.538s] Level 1:colcon.colcon_core.environment:create_file_with_runtime_dependencies(/home/omen/tp2_ws/install/turtlebot3_fake_node/share/colcon-core/packages/turtlebot3_fake_node)
[0.539s] Level 1:colcon.colcon_core.environment:create_environment_scripts_only(turtlebot3_fake_node)
[0.539s] Level 1:colcon.colcon_core.environment:checking '/home/omen/tp2_ws/install/turtlebot3_fake_node' for CMake module files
[0.540s] Level 1:colcon.colcon_core.environment:checking '/home/omen/tp2_ws/install/turtlebot3_fake_node' for CMake config files
[0.540s] Level 1:colcon.colcon_core.shell:create_environment_hook('turtlebot3_fake_node', 'cmake_prefix_path')
[0.540s] INFO:colcon.colcon_core.shell:Creating environment hook '/home/omen/tp2_ws/install/turtlebot3_fake_node/share/turtlebot3_fake_node/hook/cmake_prefix_path.ps1'
[0.541s] INFO:colcon.colcon_core.shell:Creating environment descriptor '/home/omen/tp2_ws/install/turtlebot3_fake_node/share/turtlebot3_fake_node/hook/cmake_prefix_path.dsv'
[0.541s] INFO:colcon.colcon_core.shell:Creating environment hook '/home/omen/tp2_ws/install/turtlebot3_fake_node/share/turtlebot3_fake_node/hook/cmake_prefix_path.sh'
[0.542s] Level 1:colcon.colcon_core.environment:checking '/home/omen/tp2_ws/install/turtlebot3_fake_node/lib'
[0.542s] Level 1:colcon.colcon_core.environment:checking '/home/omen/tp2_ws/install/turtlebot3_fake_node/bin'
[0.542s] Level 1:colcon.colcon_core.environment:checking '/home/omen/tp2_ws/install/turtlebot3_fake_node/lib/pkgconfig/turtlebot3_fake_node.pc'
[0.542s] Level 1:colcon.colcon_core.environment:checking '/home/omen/tp2_ws/install/turtlebot3_fake_node/lib/python3.12/site-packages'
[0.543s] Level 1:colcon.colcon_core.environment:checking '/home/omen/tp2_ws/install/turtlebot3_fake_node/bin'
[0.543s] INFO:colcon.colcon_core.shell:Creating package script '/home/omen/tp2_ws/install/turtlebot3_fake_node/share/turtlebot3_fake_node/package.ps1'
[0.544s] INFO:colcon.colcon_core.shell:Creating package descriptor '/home/omen/tp2_ws/install/turtlebot3_fake_node/share/turtlebot3_fake_node/package.dsv'
[0.544s] INFO:colcon.colcon_core.shell:Creating package script '/home/omen/tp2_ws/install/turtlebot3_fake_node/share/turtlebot3_fake_node/package.sh'
[0.545s] INFO:colcon.colcon_core.shell:Creating package script '/home/omen/tp2_ws/install/turtlebot3_fake_node/share/turtlebot3_fake_node/package.bash'
[0.545s] INFO:colcon.colcon_core.shell:Creating package script '/home/omen/tp2_ws/install/turtlebot3_fake_node/share/turtlebot3_fake_node/package.zsh'
[0.546s] Level 1:colcon.colcon_core.environment:create_file_with_runtime_dependencies(/home/omen/tp2_ws/install/turtlebot3_fake_node/share/colcon-core/packages/turtlebot3_fake_node)
[0.549s] Level 1:colcon.colcon_core.environment:create_environment_scripts_only(turtlebot3_gazebo)
[0.549s] Level 1:colcon.colcon_core.environment:checking '/home/omen/tp2_ws/install/turtlebot3_gazebo' for CMake module files
[0.549s] DEBUG:colcon.colcon_core.event_handler.log_command:Invoked command in '/home/omen/tp2_ws/build/turtlebot3_gazebo' returned '0': CMAKE_PREFIX_PATH=${CMAKE_PREFIX_PATH}:/home/omen/tp2_ws/install/mon_teleop:/home/omen/tp2_ws/install/mon_evitement:/opt/ros/jazzy DEBUGINFOD_URLS=https://debuginfod.ubuntu.com /usr/bin/cmake --install /home/omen/tp2_ws/build/turtlebot3_gazebo
[0.550s] Level 1:colcon.colcon_core.environment:checking '/home/omen/tp2_ws/install/turtlebot3_gazebo' for CMake config files
[0.551s] Level 1:colcon.colcon_core.shell:create_environment_hook('turtlebot3_gazebo', 'cmake_prefix_path')
[0.551s] INFO:colcon.colcon_core.shell:Creating environment hook '/home/omen/tp2_ws/install/turtlebot3_gazebo/share/turtlebot3_gazebo/hook/cmake_prefix_path.ps1'
[0.552s] INFO:colcon.colcon_core.shell:Creating environment descriptor '/home/omen/tp2_ws/install/turtlebot3_gazebo/share/turtlebot3_gazebo/hook/cmake_prefix_path.dsv'
[0.552s] INFO:colcon.colcon_core.shell:Creating environment hook '/home/omen/tp2_ws/install/turtlebot3_gazebo/share/turtlebot3_gazebo/hook/cmake_prefix_path.sh'
[0.553s] Level 1:colcon.colcon_core.environment:checking '/home/omen/tp2_ws/install/turtlebot3_gazebo/lib'
[0.553s] Level 1:colcon.colcon_core.environment:checking '/home/omen/tp2_ws/install/turtlebot3_gazebo/bin'
[0.553s] Level 1:colcon.colcon_core.environment:checking '/home/omen/tp2_ws/install/turtlebot3_gazebo/lib/pkgconfig/turtlebot3_gazebo.pc'
[0.553s] Level 1:colcon.colcon_core.environment:checking '/home/omen/tp2_ws/install/turtlebot3_gazebo/lib/python3.12/site-packages'
[0.554s] Level 1:colcon.colcon_core.environment:checking '/home/omen/tp2_ws/install/turtlebot3_gazebo/bin'
[0.554s] INFO:colcon.colcon_core.shell:Creating package script '/home/omen/tp2_ws/install/turtlebot3_gazebo/share/turtlebot3_gazebo/package.ps1'
[0.555s] INFO:colcon.colcon_core.shell:Creating package descriptor '/home/omen/tp2_ws/install/turtlebot3_gazebo/share/turtlebot3_gazebo/package.dsv'
[0.555s] INFO:colcon.colcon_core.shell:Creating package script '/home/omen/tp2_ws/install/turtlebot3_gazebo/share/turtlebot3_gazebo/package.sh'
[0.556s] INFO:colcon.colcon_core.shell:Creating package script '/home/omen/tp2_ws/install/turtlebot3_gazebo/share/turtlebot3_gazebo/package.bash'
[0.556s] INFO:colcon.colcon_core.shell:Creating package script '/home/omen/tp2_ws/install/turtlebot3_gazebo/share/turtlebot3_gazebo/package.zsh'
[0.556s] Level 1:colcon.colcon_core.environment:create_file_with_runtime_dependencies(/home/omen/tp2_ws/install/turtlebot3_gazebo/share/colcon-core/packages/turtlebot3_gazebo)
[0.557s] Level 1:colcon.colcon_core.environment:create_environment_scripts_only(turtlebot3_gazebo)
[0.557s] Level 1:colcon.colcon_core.environment:checking '/home/omen/tp2_ws/install/turtlebot3_gazebo' for CMake module files
[0.558s] Level 1:colcon.colcon_core.environment:checking '/home/omen/tp2_ws/install/turtlebot3_gazebo' for CMake config files
[0.559s] Level 1:colcon.colcon_core.shell:create_environment_hook('turtlebot3_gazebo', 'cmake_prefix_path')
[0.559s] INFO:colcon.colcon_core.shell:Creating environment hook '/home/omen/tp2_ws/install/turtlebot3_gazebo/share/turtlebot3_gazebo/hook/cmake_prefix_path.ps1'
[0.559s] INFO:colcon.colcon_core.shell:Creating environment descriptor '/home/omen/tp2_ws/install/turtlebot3_gazebo/share/turtlebot3_gazebo/hook/cmake_prefix_path.dsv'
[0.559s] INFO:colcon.colcon_core.shell:Creating environment hook '/home/omen/tp2_ws/install/turtlebot3_gazebo/share/turtlebot3_gazebo/hook/cmake_prefix_path.sh'
[0.560s] Level 1:colcon.colcon_core.environment:checking '/home/omen/tp2_ws/install/turtlebot3_gazebo/lib'
[0.560s] Level 1:colcon.colcon_core.environment:checking '/home/omen/tp2_ws/install/turtlebot3_gazebo/bin'
[0.560s] Level 1:colcon.colcon_core.environment:checking '/home/omen/tp2_ws/install/turtlebot3_gazebo/lib/pkgconfig/turtlebot3_gazebo.pc'
[0.560s] Level 1:colcon.colcon_core.environment:checking '/home/omen/tp2_ws/install/turtlebot3_gazebo/lib/python3.12/site-packages'
[0.560s] Level 1:colcon.colcon_core.environment:checking '/home/omen/tp2_ws/install/turtlebot3_gazebo/bin'
[0.560s] INFO:colcon.colcon_core.shell:Creating package script '/home/omen/tp2_ws/install/turtlebot3_gazebo/share/turtlebot3_gazebo/package.ps1'
[0.561s] INFO:colcon.colcon_core.shell:Creating package descriptor '/home/omen/tp2_ws/install/turtlebot3_gazebo/share/turtlebot3_gazebo/package.dsv'
[0.561s] INFO:colcon.colcon_core.shell:Creating package script '/home/omen/tp2_ws/install/turtlebot3_gazebo/share/turtlebot3_gazebo/package.sh'
[0.561s] INFO:colcon.colcon_core.shell:Creating package script '/home/omen/tp2_ws/install/turtlebot3_gazebo/share/turtlebot3_gazebo/package.bash'
[0.561s] INFO:colcon.colcon_core.shell:Creating package script '/home/omen/tp2_ws/install/turtlebot3_gazebo/share/turtlebot3_gazebo/package.zsh'
[0.561s] Level 1:colcon.colcon_core.environment:create_file_with_runtime_dependencies(/home/omen/tp2_ws/install/turtlebot3_gazebo/share/colcon-core/packages/turtlebot3_gazebo)
[0.562s] INFO:colcon.colcon_ros.task.ament_cmake.build:Building ROS package in '/home/omen/tp2_ws/src/turtlebot3_simulations/turtlebot3_simulations' with build type 'ament_cmake'
[0.562s] INFO:colcon.colcon_cmake.task.cmake.build:Building CMake package in '/home/omen/tp2_ws/src/turtlebot3_simulations/turtlebot3_simulations'
[0.562s] INFO:colcon.colcon_core.shell:Skip shell extension 'powershell' for command environment: Not usable outside of PowerShell
[0.562s] DEBUG:colcon.colcon_core.shell:Skip shell extension 'dsv' for command environment
[0.571s] DEBUG:colcon.colcon_core.event_handler.log_command:Invoking command in '/home/omen/tp2_ws/build/turtlebot3_simulations': CMAKE_PREFIX_PATH=/home/omen/tp2_ws/install/turtlebot3_gazebo:/home/omen/tp2_ws/install/turtlebot3_fake_node:/home/omen/tp2_ws/install/turtlebot3_simulations:/opt/ros/jazzy/opt/gz_sim_vendor:/opt/ros/jazzy/opt/gz_sensors_vendor:/opt/ros/jazzy/opt/gz_physics_vendor:/opt/ros/jazzy/opt/sdformat_vendor:/opt/ros/jazzy/opt/gz_gui_vendor:/opt/ros/jazzy/opt/gz_transport_vendor:/opt/ros/jazzy/opt/gz_rendering_vendor:/opt/ros/jazzy/opt/gz_plugin_vendor:/opt/ros/jazzy/opt/gz_fuel_tools_vendor:/opt/ros/jazzy/opt/gz_msgs_vendor:/opt/ros/jazzy/opt/gz_common_vendor:/opt/ros/jazzy/opt/gz_math_vendor:/opt/ros/jazzy/opt/gz_utils_vendor:/opt/ros/jazzy/opt/gz_tools_vendor:/opt/ros/jazzy/opt/gz_ogre_next_vendor:/opt/ros/jazzy/opt/gz_dartsim_vendor:/opt/ros/jazzy/opt/gz_cmake_vendor:/home/omen/tp2_ws/install/mon_teleop:/home/omen/tp2_ws/install/mon_evitement:/opt/ros/jazzy DEBUGINFOD_URLS=https://debuginfod.ubuntu.com /usr/bin/cmake --build /home/omen/tp2_ws/build/turtlebot3_simulations -- -j16 -l16
[0.609s] DEBUG:colcon.colcon_core.event_handler.log_command:Invoked command in '/home/omen/tp2_ws/build/turtlebot3_simulations' returned '0': CMAKE_PREFIX_PATH=/home/omen/tp2_ws/install/turtlebot3_gazebo:/home/omen/tp2_ws/install/turtlebot3_fake_node:/home/omen/tp2_ws/install/turtlebot3_simulations:/opt/ros/jazzy/opt/gz_sim_vendor:/opt/ros/jazzy/opt/gz_sensors_vendor:/opt/ros/jazzy/opt/gz_physics_vendor:/opt/ros/jazzy/opt/sdformat_vendor:/opt/ros/jazzy/opt/gz_gui_vendor:/opt/ros/jazzy/opt/gz_transport_vendor:/opt/ros/jazzy/opt/gz_rendering_vendor:/opt/ros/jazzy/opt/gz_plugin_vendor:/opt/ros/jazzy/opt/gz_fuel_tools_vendor:/opt/ros/jazzy/opt/gz_msgs_vendor:/opt/ros/jazzy/opt/gz_common_vendor:/opt/ros/jazzy/opt/gz_math_vendor:/opt/ros/jazzy/opt/gz_utils_vendor:/opt/ros/jazzy/opt/gz_tools_vendor:/opt/ros/jazzy/opt/gz_ogre_next_vendor:/opt/ros/jazzy/opt/gz_dartsim_vendor:/opt/ros/jazzy/opt/gz_cmake_vendor:/home/omen/tp2_ws/install/mon_teleop:/home/omen/tp2_ws/install/mon_evitement:/opt/ros/jazzy DEBUGINFOD_URLS=https://debuginfod.ubuntu.com /usr/bin/cmake --build /home/omen/tp2_ws/build/turtlebot3_simulations -- -j16 -l16
[0.611s] DEBUG:colcon.colcon_core.event_handler.log_command:Invoking command in '/home/omen/tp2_ws/build/turtlebot3_simulations': CMAKE_PREFIX_PATH=/home/omen/tp2_ws/install/turtlebot3_gazebo:/home/omen/tp2_ws/install/turtlebot3_fake_node:/home/omen/tp2_ws/install/turtlebot3_simulations:/opt/ros/jazzy/opt/gz_sim_vendor:/opt/ros/jazzy/opt/gz_sensors_vendor:/opt/ros/jazzy/opt/gz_physics_vendor:/opt/ros/jazzy/opt/sdformat_vendor:/opt/ros/jazzy/opt/gz_gui_vendor:/opt/ros/jazzy/opt/gz_transport_vendor:/opt/ros/jazzy/opt/gz_rendering_vendor:/opt/ros/jazzy/opt/gz_plugin_vendor:/opt/ros/jazzy/opt/gz_fuel_tools_vendor:/opt/ros/jazzy/opt/gz_msgs_vendor:/opt/ros/jazzy/opt/gz_common_vendor:/opt/ros/jazzy/opt/gz_math_vendor:/opt/ros/jazzy/opt/gz_utils_vendor:/opt/ros/jazzy/opt/gz_tools_vendor:/opt/ros/jazzy/opt/gz_ogre_next_vendor:/opt/ros/jazzy/opt/gz_dartsim_vendor:/opt/ros/jazzy/opt/gz_cmake_vendor:/home/omen/tp2_ws/install/mon_teleop:/home/omen/tp2_ws/install/mon_evitement:/opt/ros/jazzy DEBUGINFOD_URLS=https://debuginfod.ubuntu.com /usr/bin/cmake --install /home/omen/tp2_ws/build/turtlebot3_simulations
[0.621s] Level 1:colcon.colcon_core.environment:create_environment_scripts_only(turtlebot3_simulations)
[0.622s] Level 1:colcon.colcon_core.environment:checking '/home/omen/tp2_ws/install/turtlebot3_simulations' for CMake module files
[0.623s] DEBUG:colcon.colcon_core.event_handler.log_command:Invoked command in '/home/omen/tp2_ws/build/turtlebot3_simulations' returned '0': CMAKE_PREFIX_PATH=/home/omen/tp2_ws/install/turtlebot3_gazebo:/home/omen/tp2_ws/install/turtlebot3_fake_node:/home/omen/tp2_ws/install/turtlebot3_simulations:/opt/ros/jazzy/opt/gz_sim_vendor:/opt/ros/jazzy/opt/gz_sensors_vendor:/opt/ros/jazzy/opt/gz_physics_vendor:/opt/ros/jazzy/opt/sdformat_vendor:/opt/ros/jazzy/opt/gz_gui_vendor:/opt/ros/jazzy/opt/gz_transport_vendor:/opt/ros/jazzy/opt/gz_rendering_vendor:/opt/ros/jazzy/opt/gz_plugin_vendor:/opt/ros/jazzy/opt/gz_fuel_tools_vendor:/opt/ros/jazzy/opt/gz_msgs_vendor:/opt/ros/jazzy/opt/gz_common_vendor:/opt/ros/jazzy/opt/gz_math_vendor:/opt/ros/jazzy/opt/gz_utils_vendor:/opt/ros/jazzy/opt/gz_tools_vendor:/opt/ros/jazzy/opt/gz_ogre_next_vendor:/opt/ros/jazzy/opt/gz_dartsim_vendor:/opt/ros/jazzy/opt/gz_cmake_vendor:/home/omen/tp2_ws/install/mon_teleop:/home/omen/tp2_ws/install/mon_evitement:/opt/ros/jazzy DEBUGINFOD_URLS=https://debuginfod.ubuntu.com /usr/bin/cmake --install /home/omen/tp2_ws/build/turtlebot3_simulations
[0.623s] Level 1:colcon.colcon_core.environment:checking '/home/omen/tp2_ws/install/turtlebot3_simulations' for CMake config files
[0.624s] Level 1:colcon.colcon_core.shell:create_environment_hook('turtlebot3_simulations', 'cmake_prefix_path')
[0.624s] INFO:colcon.colcon_core.shell:Creating environment hook '/home/omen/tp2_ws/install/turtlebot3_simulations/share/turtlebot3_simulations/hook/cmake_prefix_path.ps1'
[0.624s] INFO:colcon.colcon_core.shell:Creating environment descriptor '/home/omen/tp2_ws/install/turtlebot3_simulations/share/turtlebot3_simulations/hook/cmake_prefix_path.dsv'
[0.624s] INFO:colcon.colcon_core.shell:Creating environment hook '/home/omen/tp2_ws/install/turtlebot3_simulations/share/turtlebot3_simulations/hook/cmake_prefix_path.sh'
[0.625s] Level 1:colcon.colcon_core.environment:checking '/home/omen/tp2_ws/install/turtlebot3_simulations/bin'
[0.625s] Level 1:colcon.colcon_core.environment:checking '/home/omen/tp2_ws/install/turtlebot3_simulations/lib/pkgconfig/turtlebot3_simulations.pc'
[0.625s] Level 1:colcon.colcon_core.environment:checking '/home/omen/tp2_ws/install/turtlebot3_simulations/lib/python3.12/site-packages'
[0.625s] Level 1:colcon.colcon_core.environment:checking '/home/omen/tp2_ws/install/turtlebot3_simulations/bin'
[0.625s] INFO:colcon.colcon_core.shell:Creating package script '/home/omen/tp2_ws/install/turtlebot3_simulations/share/turtlebot3_simulations/package.ps1'
[0.626s] INFO:colcon.colcon_core.shell:Creating package descriptor '/home/omen/tp2_ws/install/turtlebot3_simulations/share/turtlebot3_simulations/package.dsv'
[0.626s] INFO:colcon.colcon_core.shell:Creating package script '/home/omen/tp2_ws/install/turtlebot3_simulations/share/turtlebot3_simulations/package.sh'
[0.626s] INFO:colcon.colcon_core.shell:Creating package script '/home/omen/tp2_ws/install/turtlebot3_simulations/share/turtlebot3_simulations/package.bash'
[0.627s] INFO:colcon.colcon_core.shell:Creating package script '/home/omen/tp2_ws/install/turtlebot3_simulations/share/turtlebot3_simulations/package.zsh'
[0.627s] Level 1:colcon.colcon_core.environment:create_file_with_runtime_dependencies(/home/omen/tp2_ws/install/turtlebot3_simulations/share/colcon-core/packages/turtlebot3_simulations)
[0.627s] Level 1:colcon.colcon_core.environment:create_environment_scripts_only(turtlebot3_simulations)
[0.627s] Level 1:colcon.colcon_core.environment:checking '/home/omen/tp2_ws/install/turtlebot3_simulations' for CMake module files
[0.627s] Level 1:colcon.colcon_core.environment:checking '/home/omen/tp2_ws/install/turtlebot3_simulations' for CMake config files
[0.627s] Level 1:colcon.colcon_core.shell:create_environment_hook('turtlebot3_simulations', 'cmake_prefix_path')
[0.628s] INFO:colcon.colcon_core.shell:Creating environment hook '/home/omen/tp2_ws/install/turtlebot3_simulations/share/turtlebot3_simulations/hook/cmake_prefix_path.ps1'
[0.628s] INFO:colcon.colcon_core.shell:Creating environment descriptor '/home/omen/tp2_ws/install/turtlebot3_simulations/share/turtlebot3_simulations/hook/cmake_prefix_path.dsv'
[0.628s] INFO:colcon.colcon_core.shell:Creating environment hook '/home/omen/tp2_ws/install/turtlebot3_simulations/share/turtlebot3_simulations/hook/cmake_prefix_path.sh'
[0.628s] Level 1:colcon.colcon_core.environment:checking '/home/omen/tp2_ws/install/turtlebot3_simulations/bin'
[0.628s] Level 1:colcon.colcon_core.environment:checking '/home/omen/tp2_ws/install/turtlebot3_simulations/lib/pkgconfig/turtlebot3_simulations.pc'
[0.629s] Level 1:colcon.colcon_core.environment:checking '/home/omen/tp2_ws/install/turtlebot3_simulations/lib/python3.12/site-packages'
[0.629s] Level 1:colcon.colcon_core.environment:checking '/home/omen/tp2_ws/install/turtlebot3_simulations/bin'
[0.629s] INFO:colcon.colcon_core.shell:Creating package script '/home/omen/tp2_ws/install/turtlebot3_simulations/share/turtlebot3_simulations/package.ps1'
[0.629s] INFO:colcon.colcon_core.shell:Creating package descriptor '/home/omen/tp2_ws/install/turtlebot3_simulations/share/turtlebot3_simulations/package.dsv'
[0.630s] INFO:colcon.colcon_core.shell:Creating package script '/home/omen/tp2_ws/install/turtlebot3_simulations/share/turtlebot3_simulations/package.sh'
[0.630s] INFO:colcon.colcon_core.shell:Creating package script '/home/omen/tp2_ws/install/turtlebot3_simulations/share/turtlebot3_simulations/package.bash'
[0.630s] INFO:colcon.colcon_core.shell:Creating package script '/home/omen/tp2_ws/install/turtlebot3_simulations/share/turtlebot3_simulations/package.zsh'
[0.630s] Level 1:colcon.colcon_core.environment:create_file_with_runtime_dependencies(/home/omen/tp2_ws/install/turtlebot3_simulations/share/colcon-core/packages/turtlebot3_simulations)
[0.874s] DEBUG:colcon.colcon_core.event_handler.log_command:Invoking command in '/home/omen/tp2_ws/src/mon_evitement': DEBUGINFOD_URLS=https://debuginfod.ubuntu.com PYTHONPATH=/home/omen/tp2_ws/build/mon_evitement/prefix_override:/usr/lib/python3/dist-packages/colcon_core/task/python/colcon_distutils_commands:/home/omen/tp2_ws/install/mon_evitement/lib/python3.12/site-packages:${PYTHONPATH} /usr/bin/python3 -W ignore:setup.py install is deprecated -W ignore:easy_install command is deprecated setup.py egg_info --egg-base ../../build/mon_evitement build --build-base /home/omen/tp2_ws/build/mon_evitement/build install --record /home/omen/tp2_ws/build/mon_evitement/install.log --single-version-externally-managed install_data
[0.926s] DEBUG:colcon.colcon_core.event_handler.log_command:Invoking command in '/home/omen/tp2_ws/mon_teleop': DEBUGINFOD_URLS=https://debuginfod.ubuntu.com PYTHONPATH=/home/omen/tp2_ws/build/mon_teleop/prefix_override:/usr/lib/python3/dist-packages/colcon_core/task/python/colcon_distutils_commands:/home/omen/tp2_ws/install/mon_teleop/lib/python3.12/site-packages:${PYTHONPATH} /usr/bin/python3 -W ignore:setup.py install is deprecated -W ignore:easy_install command is deprecated setup.py egg_info --egg-base ../build/mon_teleop build --build-base /home/omen/tp2_ws/build/mon_teleop/build install --record /home/omen/tp2_ws/build/mon_teleop/install.log --single-version-externally-managed install_data
[1.191s] Level 1:colcon.colcon_core.environment:checking '/home/omen/tp2_ws/install/mon_evitement' for CMake module files
[1.192s] DEBUG:colcon.colcon_core.event_handler.log_command:Invoked command in '/home/omen/tp2_ws/src/mon_evitement' returned '0': DEBUGINFOD_URLS=https://debuginfod.ubuntu.com PYTHONPATH=/home/omen/tp2_ws/build/mon_evitement/prefix_override:/usr/lib/python3/dist-packages/colcon_core/task/python/colcon_distutils_commands:/home/omen/tp2_ws/install/mon_evitement/lib/python3.12/site-packages:${PYTHONPATH} /usr/bin/python3 -W ignore:setup.py install is deprecated -W ignore:easy_install command is deprecated setup.py egg_info --egg-base ../../build/mon_evitement build --build-base /home/omen/tp2_ws/build/mon_evitement/build install --record /home/omen/tp2_ws/build/mon_evitement/install.log --single-version-externally-managed install_data
[1.192s] Level 1:colcon.colcon_core.environment:checking '/home/omen/tp2_ws/install/mon_evitement' for CMake config files
[1.193s] Level 1:colcon.colcon_core.environment:checking '/home/omen/tp2_ws/install/mon_evitement/lib'
[1.193s] Level 1:colcon.colcon_core.environment:checking '/home/omen/tp2_ws/install/mon_evitement/bin'
[1.193s] Level 1:colcon.colcon_core.environment:checking '/home/omen/tp2_ws/install/mon_evitement/lib/pkgconfig/mon_evitement.pc'
[1.193s] Level 1:colcon.colcon_core.environment:checking '/home/omen/tp2_ws/install/mon_evitement/lib/python3.12/site-packages'
[1.193s] Level 1:colcon.colcon_core.shell:create_environment_hook('mon_evitement', 'pythonpath')
[1.193s] INFO:colcon.colcon_core.shell:Creating environment hook '/home/omen/tp2_ws/install/mon_evitement/share/mon_evitement/hook/pythonpath.ps1'
[1.193s] INFO:colcon.colcon_core.shell:Creating environment descriptor '/home/omen/tp2_ws/install/mon_evitement/share/mon_evitement/hook/pythonpath.dsv'
[1.194s] INFO:colcon.colcon_core.shell:Creating environment hook '/home/omen/tp2_ws/install/mon_evitement/share/mon_evitement/hook/pythonpath.sh'
[1.194s] Level 1:colcon.colcon_core.environment:checking '/home/omen/tp2_ws/install/mon_evitement/bin'
[1.194s] Level 1:colcon.colcon_core.environment:create_environment_scripts_only(mon_evitement)
[1.194s] INFO:colcon.colcon_core.shell:Creating package script '/home/omen/tp2_ws/install/mon_evitement/share/mon_evitement/package.ps1'
[1.195s] INFO:colcon.colcon_core.shell:Creating package descriptor '/home/omen/tp2_ws/install/mon_evitement/share/mon_evitement/package.dsv'
[1.195s] INFO:colcon.colcon_core.shell:Creating package script '/home/omen/tp2_ws/install/mon_evitement/share/mon_evitement/package.sh'
[1.195s] INFO:colcon.colcon_core.shell:Creating package script '/home/omen/tp2_ws/install/mon_evitement/share/mon_evitement/package.bash'
[1.196s] INFO:colcon.colcon_core.shell:Creating package script '/home/omen/tp2_ws/install/mon_evitement/share/mon_evitement/package.zsh'
[1.196s] Level 1:colcon.colcon_core.environment:create_file_with_runtime_dependencies(/home/omen/tp2_ws/install/mon_evitement/share/colcon-core/packages/mon_evitement)
[1.285s] Level 1:colcon.colcon_core.environment:checking '/home/omen/tp2_ws/install/mon_teleop' for CMake module files
[1.286s] DEBUG:colcon.colcon_core.event_handler.log_command:Invoked command in '/home/omen/tp2_ws/mon_teleop' returned '0': DEBUGINFOD_URLS=https://debuginfod.ubuntu.com PYTHONPATH=/home/omen/tp2_ws/build/mon_teleop/prefix_override:/usr/lib/python3/dist-packages/colcon_core/task/python/colcon_distutils_commands:/home/omen/tp2_ws/install/mon_teleop/lib/python3.12/site-packages:${PYTHONPATH} /usr/bin/python3 -W ignore:setup.py install is deprecated -W ignore:easy_install command is deprecated setup.py egg_info --egg-base ../build/mon_teleop build --build-base /home/omen/tp2_ws/build/mon_teleop/build install --record /home/omen/tp2_ws/build/mon_teleop/install.log --single-version-externally-managed install_data
[1.286s] Level 1:colcon.colcon_core.environment:checking '/home/omen/tp2_ws/install/mon_teleop' for CMake config files
[1.286s] Level 1:colcon.colcon_core.environment:checking '/home/omen/tp2_ws/install/mon_teleop/lib'
[1.286s] Level 1:colcon.colcon_core.environment:checking '/home/omen/tp2_ws/install/mon_teleop/bin'
[1.286s] Level 1:colcon.colcon_core.environment:checking '/home/omen/tp2_ws/install/mon_teleop/lib/pkgconfig/mon_teleop.pc'
[1.286s] Level 1:colcon.colcon_core.environment:checking '/home/omen/tp2_ws/install/mon_teleop/lib/python3.12/site-packages'
[1.287s] Level 1:colcon.colcon_core.shell:create_environment_hook('mon_teleop', 'pythonpath')
[1.287s] INFO:colcon.colcon_core.shell:Creating environment hook '/home/omen/tp2_ws/install/mon_teleop/share/mon_teleop/hook/pythonpath.ps1'
[1.287s] INFO:colcon.colcon_core.shell:Creating environment descriptor '/home/omen/tp2_ws/install/mon_teleop/share/mon_teleop/hook/pythonpath.dsv'
[1.287s] INFO:colcon.colcon_core.shell:Creating environment hook '/home/omen/tp2_ws/install/mon_teleop/share/mon_teleop/hook/pythonpath.sh'
[1.288s] Level 1:colcon.colcon_core.environment:checking '/home/omen/tp2_ws/install/mon_teleop/bin'
[1.288s] Level 1:colcon.colcon_core.environment:create_environment_scripts_only(mon_teleop)
[1.288s] INFO:colcon.colcon_core.shell:Creating package script '/home/omen/tp2_ws/install/mon_teleop/share/mon_teleop/package.ps1'
[1.288s] INFO:colcon.colcon_core.shell:Creating package descriptor '/home/omen/tp2_ws/install/mon_teleop/share/mon_teleop/package.dsv'
[1.288s] INFO:colcon.colcon_core.shell:Creating package script '/home/omen/tp2_ws/install/mon_teleop/share/mon_teleop/package.sh'
[1.288s] INFO:colcon.colcon_core.shell:Creating package script '/home/omen/tp2_ws/install/mon_teleop/share/mon_teleop/package.bash'
[1.289s] INFO:colcon.colcon_core.shell:Creating package script '/home/omen/tp2_ws/install/mon_teleop/share/mon_teleop/package.zsh'
[1.289s] Level 1:colcon.colcon_core.environment:create_file_with_runtime_dependencies(/home/omen/tp2_ws/install/mon_teleop/share/colcon-core/packages/mon_teleop)
[1.289s] DEBUG:colcon.colcon_parallel_executor.executor.parallel:closing loop
[1.290s] DEBUG:colcon.colcon_parallel_executor.executor.parallel:loop closed
[1.290s] DEBUG:colcon.colcon_parallel_executor.executor.parallel:run_until_complete finished with '0'
[1.290s] DEBUG:colcon.colcon_core.event_reactor:joining thread
[1.297s] INFO:colcon.colcon_core.plugin_system:Skipping extension 'colcon_notification.desktop_notification.terminal_notifier': Not used on non-Darwin systems
[1.297s] INFO:colcon.colcon_core.plugin_system:Skipping extension 'colcon_notification.desktop_notification.win32': Not used on non-Windows systems
[1.297s] INFO:colcon.colcon_notification.desktop_notification:Sending desktop notification using 'notify2'
[1.314s] DEBUG:colcon.colcon_core.event_reactor:joined thread
[1.314s] INFO:colcon.colcon_core.shell:Creating prefix script '/home/omen/tp2_ws/install/local_setup.ps1'
[1.315s] INFO:colcon.colcon_core.shell:Creating prefix util module '/home/omen/tp2_ws/install/_local_setup_util_ps1.py'
[1.316s] INFO:colcon.colcon_core.shell:Creating prefix chain script '/home/omen/tp2_ws/install/setup.ps1'
[1.317s] INFO:colcon.colcon_core.shell:Creating prefix script '/home/omen/tp2_ws/install/local_setup.sh'
[1.317s] INFO:colcon.colcon_core.shell:Creating prefix util module '/home/omen/tp2_ws/install/_local_setup_util_sh.py'
[1.318s] INFO:colcon.colcon_core.shell:Creating prefix chain script '/home/omen/tp2_ws/install/setup.sh'
[1.319s] INFO:colcon.colcon_core.shell:Creating prefix script '/home/omen/tp2_ws/install/local_setup.bash'
[1.319s] INFO:colcon.colcon_core.shell:Creating prefix chain script '/home/omen/tp2_ws/install/setup.bash'
[1.320s] INFO:colcon.colcon_core.shell:Creating prefix script '/home/omen/tp2_ws/install/local_setup.zsh'
[1.320s] INFO:colcon.colcon_core.shell:Creating prefix chain script '/home/omen/tp2_ws/install/setup.zsh'
