running egg_info
creating ../build/mon_teleop/mon_teleop.egg-info
writing ../build/mon_teleop/mon_teleop.egg-info/PKG-INFO
writing dependency_links to ../build/mon_teleop/mon_teleop.egg-info/dependency_links.txt
writing requirements to ../build/mon_teleop/mon_teleop.egg-info/requires.txt
writing top-level names to ../build/mon_teleop/mon_teleop.egg-info/top_level.txt
writing manifest file '../build/mon_teleop/mon_teleop.egg-info/SOURCES.txt'
reading manifest file '../build/mon_teleop/mon_teleop.egg-info/SOURCES.txt'
writing manifest file '../build/mon_teleop/mon_teleop.egg-info/SOURCES.txt'
running build
running build_py
creating /home/omen/tp2_ws/build/mon_teleop/build
creating /home/omen/tp2_ws/build/mon_teleop/build/lib
creating /home/omen/tp2_ws/build/mon_teleop/build/lib/mon_teleop
copying mon_teleop/__init__.py -> /home/omen/tp2_ws/build/mon_teleop/build/lib/mon_teleop
running install
running install_lib
creating /home/omen/tp2_ws/install/mon_teleop/lib/python3.12/site-packages/mon_teleop
copying /home/omen/tp2_ws/build/mon_teleop/build/lib/mon_teleop/__init__.py -> /home/omen/tp2_ws/install/mon_teleop/lib/python3.12/site-packages/mon_teleop
byte-compiling /home/omen/tp2_ws/install/mon_teleop/lib/python3.12/site-packages/mon_teleop/__init__.py to __init__.cpython-312.pyc
running install_data
creating /home/omen/tp2_ws/install/mon_teleop/share/ament_index
creating /home/omen/tp2_ws/install/mon_teleop/share/ament_index/resource_index
creating /home/omen/tp2_ws/install/mon_teleop/share/ament_index/resource_index/packages
copying resource/mon_teleop -> /home/omen/tp2_ws/install/mon_teleop/share/ament_index/resource_index/packages
copying package.xml -> /home/omen/tp2_ws/install/mon_teleop/share/mon_teleop
running install_egg_info
Copying ../build/mon_teleop/mon_teleop.egg-info to /home/omen/tp2_ws/install/mon_teleop/lib/python3.12/site-packages/mon_teleop-0.0.0-py3.12.egg-info
running install_scripts
writing list of installed files to '/home/omen/tp2_ws/build/mon_teleop/install.log'
