[0.600s] Invoking command in '/home/omen/tp2_ws/src/mon_evitement': DEBUGINFOD_URLS=https://debuginfod.ubuntu.com PYTHONPATH=/home/omen/tp2_ws/build/mon_evitement/prefix_override:/usr/lib/python3/dist-packages/colcon_core/task/python/colcon_distutils_commands:/home/omen/tp2_ws/install/mon_evitement/lib/python3.12/site-packages:${PYTHONPATH} /usr/bin/python3 -W ignore:setup.py install is deprecated -W ignore:easy_install command is deprecated setup.py egg_info --egg-base ../../build/mon_evitement build --build-base /home/omen/tp2_ws/build/mon_evitement/build install --record /home/omen/tp2_ws/build/mon_evitement/install.log --single-version-externally-managed install_data
[0.813s] running egg_info
[0.825s] writing ../../build/mon_evitement/mon_evitement.egg-info/PKG-INFO
[0.825s] writing dependency_links to ../../build/mon_evitement/mon_evitement.egg-info/dependency_links.txt
[0.825s] writing entry points to ../../build/mon_evitement/mon_evitement.egg-info/entry_points.txt
[0.825s] writing requirements to ../../build/mon_evitement/mon_evitement.egg-info/requires.txt
[0.825s] writing top-level names to ../../build/mon_evitement/mon_evitement.egg-info/top_level.txt
[0.852s] reading manifest file '../../build/mon_evitement/mon_evitement.egg-info/SOURCES.txt'
[0.852s] writing manifest file '../../build/mon_evitement/mon_evitement.egg-info/SOURCES.txt'
[0.852s] running build
[0.852s] running build_py
[0.852s] running install
[0.856s] running install_lib
[0.869s] running install_data
[0.869s] running install_egg_info
[0.882s] removing '/home/omen/tp2_ws/install/mon_evitement/lib/python3.12/site-packages/mon_evitement-0.0.0-py3.12.egg-info' (and everything under it)
[0.882s] Copying ../../build/mon_evitement/mon_evitement.egg-info to /home/omen/tp2_ws/install/mon_evitement/lib/python3.12/site-packages/mon_evitement-0.0.0-py3.12.egg-info
[0.883s] running install_scripts
[0.968s] Installing evitement_node script to /home/omen/tp2_ws/install/mon_evitement/lib/mon_evitement
[0.968s] writing list of installed files to '/home/omen/tp2_ws/build/mon_evitement/install.log'
[0.992s] Invoked command in '/home/omen/tp2_ws/src/mon_evitement' returned '0': DEBUGINFOD_URLS=https://debuginfod.ubuntu.com PYTHONPATH=/home/omen/tp2_ws/build/mon_evitement/prefix_override:/usr/lib/python3/dist-packages/colcon_core/task/python/colcon_distutils_commands:/home/omen/tp2_ws/install/mon_evitement/lib/python3.12/site-packages:${PYTHONPATH} /usr/bin/python3 -W ignore:setup.py install is deprecated -W ignore:easy_install command is deprecated setup.py egg_info --egg-base ../../build/mon_evitement build --build-base /home/omen/tp2_ws/build/mon_evitement/build install --record /home/omen/tp2_ws/build/mon_evitement/install.log --single-version-externally-managed install_data
