[0.594s] Invoking command in '/home/omen/tp2_ws/src/mon_evitement': DEBUGINFOD_URLS=https://debuginfod.ubuntu.com PYTHONPATH=/home/omen/tp2_ws/build/mon_evitement/prefix_override:/usr/lib/python3/dist-packages/colcon_core/task/python/colcon_distutils_commands:/home/omen/tp2_ws/install/mon_evitement/lib/python3.12/site-packages:${PYTHONPATH} /usr/bin/python3 -W ignore:setup.py install is deprecated -W ignore:easy_install command is deprecated setup.py egg_info --egg-base ../../build/mon_evitement build --build-base /home/omen/tp2_ws/build/mon_evitement/build install --record /home/omen/tp2_ws/build/mon_evitement/install.log --single-version-externally-managed install_data
[0.804s] running egg_info
[0.804s] creating ../../build/mon_evitement/mon_evitement.egg-info
[0.817s] writing ../../build/mon_evitement/mon_evitement.egg-info/PKG-INFO
[0.817s] writing dependency_links to ../../build/mon_evitement/mon_evitement.egg-info/dependency_links.txt
[0.817s] writing entry points to ../../build/mon_evitement/mon_evitement.egg-info/entry_points.txt
[0.817s] writing requirements to ../../build/mon_evitement/mon_evitement.egg-info/requires.txt
[0.817s] writing top-level names to ../../build/mon_evitement/mon_evitement.egg-info/top_level.txt
[0.817s] writing manifest file '../../build/mon_evitement/mon_evitement.egg-info/SOURCES.txt'
[0.843s] reading manifest file '../../build/mon_evitement/mon_evitement.egg-info/SOURCES.txt'
[0.843s] writing manifest file '../../build/mon_evitement/mon_evitement.egg-info/SOURCES.txt'
[0.844s] running build
[0.844s] running build_py
[0.844s] creating /home/omen/tp2_ws/build/mon_evitement/build
[0.844s] creating /home/omen/tp2_ws/build/mon_evitement/build/lib
[0.844s] creating /home/omen/tp2_ws/build/mon_evitement/build/lib/mon_evitement
[0.844s] copying mon_evitement/evitement_node.py -> /home/omen/tp2_ws/build/mon_evitement/build/lib/mon_evitement
[0.844s] copying mon_evitement/__init__.py -> /home/omen/tp2_ws/build/mon_evitement/build/lib/mon_evitement
[0.844s] running install
[0.848s] running install_lib
[0.862s] creating /home/omen/tp2_ws/install/mon_evitement/lib/python3.12/site-packages/mon_evitement
[0.862s] copying /home/omen/tp2_ws/build/mon_evitement/build/lib/mon_evitement/evitement_node.py -> /home/omen/tp2_ws/install/mon_evitement/lib/python3.12/site-packages/mon_evitement
[0.862s] copying /home/omen/tp2_ws/build/mon_evitement/build/lib/mon_evitement/__init__.py -> /home/omen/tp2_ws/install/mon_evitement/lib/python3.12/site-packages/mon_evitement
[0.862s] byte-compiling /home/omen/tp2_ws/install/mon_evitement/lib/python3.12/site-packages/mon_evitement/evitement_node.py to evitement_node.cpython-312.pyc
[0.863s] byte-compiling /home/omen/tp2_ws/install/mon_evitement/lib/python3.12/site-packages/mon_evitement/__init__.py to __init__.cpython-312.pyc
[0.863s] running install_data
[0.863s] creating /home/omen/tp2_ws/install/mon_evitement/share/ament_index
[0.863s] creating /home/omen/tp2_ws/install/mon_evitement/share/ament_index/resource_index
[0.863s] creating /home/omen/tp2_ws/install/mon_evitement/share/ament_index/resource_index/packages
[0.863s] copying resource/mon_evitement -> /home/omen/tp2_ws/install/mon_evitement/share/ament_index/resource_index/packages
[0.863s] copying package.xml -> /home/omen/tp2_ws/install/mon_evitement/share/mon_evitement
[0.863s] running install_egg_info
[0.878s] Copying ../../build/mon_evitement/mon_evitement.egg-info to /home/omen/tp2_ws/install/mon_evitement/lib/python3.12/site-packages/mon_evitement-0.0.0-py3.12.egg-info
[0.878s] running install_scripts
[0.968s] Installing evitement_node script to /home/omen/tp2_ws/install/mon_evitement/lib/mon_evitement
[0.968s] writing list of installed files to '/home/omen/tp2_ws/build/mon_evitement/install.log'
[0.991s] Invoked command in '/home/omen/tp2_ws/src/mon_evitement' returned '0': DEBUGINFOD_URLS=https://debuginfod.ubuntu.com PYTHONPATH=/home/omen/tp2_ws/build/mon_evitement/prefix_override:/usr/lib/python3/dist-packages/colcon_core/task/python/colcon_distutils_commands:/home/omen/tp2_ws/install/mon_evitement/lib/python3.12/site-packages:${PYTHONPATH} /usr/bin/python3 -W ignore:setup.py install is deprecated -W ignore:easy_install command is deprecated setup.py egg_info --egg-base ../../build/mon_evitement build --build-base /home/omen/tp2_ws/build/mon_evitement/build install --record /home/omen/tp2_ws/build/mon_evitement/install.log --single-version-externally-managed install_data
