[0.020s] Invoking command in '/home/omen/tp2_ws/build/turtlebot3_gazebo': CMAKE_PREFIX_PATH=${CMAKE_PREFIX_PATH}:/home/omen/tp2_ws/install/mon_teleop:/home/omen/tp2_ws/install/mon_evitement:/opt/ros/jazzy DEBUGINFOD_URLS=https://debuginfod.ubuntu.com /usr/bin/cmake --build /home/omen/tp2_ws/build/turtlebot3_gazebo -- -j16 -l16
[0.182s] [ 50%] Built target obstacle1
[0.182s] [ 50%] Built target obstacles
[0.182s] [ 75%] Built target turtlebot3_drive
[0.182s] [100%] Built target obstacle2
[0.192s] Invoked command in '/home/omen/tp2_ws/build/turtlebot3_gazebo' returned '0': CMAKE_PREFIX_PATH=${CMAKE_PREFIX_PATH}:/home/omen/tp2_ws/install/mon_teleop:/home/omen/tp2_ws/install/mon_evitement:/opt/ros/jazzy DEBUGINFOD_URLS=https://debuginfod.ubuntu.com /usr/bin/cmake --build /home/omen/tp2_ws/build/turtlebot3_gazebo -- -j16 -l16
[0.194s] Invoking command in '/home/omen/tp2_ws/build/turtlebot3_gazebo': CMAKE_PREFIX_PATH=${CMAKE_PREFIX_PATH}:/home/omen/tp2_ws/install/mon_teleop:/home/omen/tp2_ws/install/mon_evitement:/opt/ros/jazzy DEBUGINFOD_URLS=https://debuginfod.ubuntu.com /usr/bin/cmake --install /home/omen/tp2_ws/build/turtlebot3_gazebo
[0.367s] -- Install configuration: ""
[0.368s] -- Up-to-date: /home/omen/tp2_ws/install/turtlebot3_gazebo/lib/turtlebot3_gazebo/turtlebot3_drive
[0.368s] -- Up-to-date: /home/omen/tp2_ws/install/turtlebot3_gazebo/lib/turtlebot3_gazebo/libobstacles.so
[0.368s] -- Up-to-date: /home/omen/tp2_ws/install/turtlebot3_gazebo/lib/turtlebot3_gazebo/libobstacle1.so
[0.368s] -- Up-to-date: /home/omen/tp2_ws/install/turtlebot3_gazebo/lib/turtlebot3_gazebo/libobstacle2.so
[0.368s] -- Up-to-date: /home/omen/tp2_ws/install/turtlebot3_gazebo/share/turtlebot3_gazebo//launch
[0.369s] -- Up-to-date: /home/omen/tp2_ws/install/turtlebot3_gazebo/share/turtlebot3_gazebo//launch/turtlebot3_dqn_stage4.launch.py
[0.369s] -- Up-to-date: /home/omen/tp2_ws/install/turtlebot3_gazebo/share/turtlebot3_gazebo//launch/empty_world.launch.py
[0.369s] -- Up-to-date: /home/omen/tp2_ws/install/turtlebot3_gazebo/share/turtlebot3_gazebo//launch/turtlebot3_dqn_stage3.launch.py
[0.369s] -- Up-to-date: /home/omen/tp2_ws/install/turtlebot3_gazebo/share/turtlebot3_gazebo//launch/turtlebot3_world.launch.py
[0.369s] -- Up-to-date: /home/omen/tp2_ws/install/turtlebot3_gazebo/share/turtlebot3_gazebo//launch/robot_state_publisher.launch.py
[0.369s] -- Up-to-date: /home/omen/tp2_ws/install/turtlebot3_gazebo/share/turtlebot3_gazebo//launch/spawn_turtlebot3.launch.py
[0.369s] -- Up-to-date: /home/omen/tp2_ws/install/turtlebot3_gazebo/share/turtlebot3_gazebo//launch/turtlebot3_dqn_stage2.launch.py
[0.369s] -- Up-to-date: /home/omen/tp2_ws/install/turtlebot3_gazebo/share/turtlebot3_gazebo//launch/turtlebot3_dqn_stage1.launch.py
[0.369s] -- Up-to-date: /home/omen/tp2_ws/install/turtlebot3_gazebo/share/turtlebot3_gazebo//launch/turtlebot3_house.launch.py
[0.369s] -- Up-to-date: /home/omen/tp2_ws/install/turtlebot3_gazebo/share/turtlebot3_gazebo//models
[0.369s] -- Up-to-date: /home/omen/tp2_ws/install/turtlebot3_gazebo/share/turtlebot3_gazebo//models/turtlebot3_world
[0.369s] -- Up-to-date: /home/omen/tp2_ws/install/turtlebot3_gazebo/share/turtlebot3_gazebo//models/turtlebot3_world/model.config
[0.369s] -- Up-to-date: /home/omen/tp2_ws/install/turtlebot3_gazebo/share/turtlebot3_gazebo//models/turtlebot3_world/model-1_4.sdf
[0.370s] -- Up-to-date: /home/omen/tp2_ws/install/turtlebot3_gazebo/share/turtlebot3_gazebo//models/turtlebot3_world/meshes
[0.370s] -- Up-to-date: /home/omen/tp2_ws/install/turtlebot3_gazebo/share/turtlebot3_gazebo//models/turtlebot3_world/meshes/wall.dae
[0.370s] -- Up-to-date: /home/omen/tp2_ws/install/turtlebot3_gazebo/share/turtlebot3_gazebo//models/turtlebot3_world/meshes/hexagon.dae
[0.370s] -- Up-to-date: /home/omen/tp2_ws/install/turtlebot3_gazebo/share/turtlebot3_gazebo//models/turtlebot3_world/model.sdf
[0.370s] -- Up-to-date: /home/omen/tp2_ws/install/turtlebot3_gazebo/share/turtlebot3_gazebo//models/turtlebot3_waffle
[0.370s] -- Up-to-date: /home/omen/tp2_ws/install/turtlebot3_gazebo/share/turtlebot3_gazebo//models/turtlebot3_waffle/model.config
[0.370s] -- Up-to-date: /home/omen/tp2_ws/install/turtlebot3_gazebo/share/turtlebot3_gazebo//models/turtlebot3_waffle/model-1_4.sdf
[0.370s] -- Up-to-date: /home/omen/tp2_ws/install/turtlebot3_gazebo/share/turtlebot3_gazebo//models/turtlebot3_waffle/model.sdf
[0.370s] -- Up-to-date: /home/omen/tp2_ws/install/turtlebot3_gazebo/share/turtlebot3_gazebo//models/turtlebot3_dqn_world
[0.370s] -- Up-to-date: /home/omen/tp2_ws/install/turtlebot3_gazebo/share/turtlebot3_gazebo//models/turtlebot3_dqn_world/model.config
[0.370s] -- Up-to-date: /home/omen/tp2_ws/install/turtlebot3_gazebo/share/turtlebot3_gazebo//models/turtlebot3_dqn_world/obstacles
[0.370s] -- Up-to-date: /home/omen/tp2_ws/install/turtlebot3_gazebo/share/turtlebot3_gazebo//models/turtlebot3_dqn_world/obstacles/model.config
[0.370s] -- Up-to-date: /home/omen/tp2_ws/install/turtlebot3_gazebo/share/turtlebot3_gazebo//models/turtlebot3_dqn_world/obstacles/model.sdf
[0.370s] -- Up-to-date: /home/omen/tp2_ws/install/turtlebot3_gazebo/share/turtlebot3_gazebo//models/turtlebot3_dqn_world/inner_walls
[0.370s] -- Up-to-date: /home/omen/tp2_ws/install/turtlebot3_gazebo/share/turtlebot3_gazebo//models/turtlebot3_dqn_world/inner_walls/model.config
[0.371s] -- Up-to-date: /home/omen/tp2_ws/install/turtlebot3_gazebo/share/turtlebot3_gazebo//models/turtlebot3_dqn_world/inner_walls/textures
[0.371s] -- Up-to-date: /home/omen/tp2_ws/install/turtlebot3_gazebo/share/turtlebot3_gazebo//models/turtlebot3_dqn_world/inner_walls/textures/wood.png
[0.371s] -- Up-to-date: /home/omen/tp2_ws/install/turtlebot3_gazebo/share/turtlebot3_gazebo//models/turtlebot3_dqn_world/inner_walls/model.sdf
[0.371s] -- Up-to-date: /home/omen/tp2_ws/install/turtlebot3_gazebo/share/turtlebot3_gazebo//models/turtlebot3_dqn_world/textures
[0.371s] -- Up-to-date: /home/omen/tp2_ws/install/turtlebot3_gazebo/share/turtlebot3_gazebo//models/turtlebot3_dqn_world/textures/wood.png
[0.371s] -- Up-to-date: /home/omen/tp2_ws/install/turtlebot3_gazebo/share/turtlebot3_gazebo//models/turtlebot3_dqn_world/obstacle1
[0.371s] -- Up-to-date: /home/omen/tp2_ws/install/turtlebot3_gazebo/share/turtlebot3_gazebo//models/turtlebot3_dqn_world/obstacle1/model.config
[0.371s] -- Up-to-date: /home/omen/tp2_ws/install/turtlebot3_gazebo/share/turtlebot3_gazebo//models/turtlebot3_dqn_world/obstacle1/model.sdf
[0.371s] -- Up-to-date: /home/omen/tp2_ws/install/turtlebot3_gazebo/share/turtlebot3_gazebo//models/turtlebot3_dqn_world/goal_box
[0.371s] -- Up-to-date: /home/omen/tp2_ws/install/turtlebot3_gazebo/share/turtlebot3_gazebo//models/turtlebot3_dqn_world/goal_box/model.config
[0.371s] -- Up-to-date: /home/omen/tp2_ws/install/turtlebot3_gazebo/share/turtlebot3_gazebo//models/turtlebot3_dqn_world/goal_box/model.sdf
[0.371s] -- Up-to-date: /home/omen/tp2_ws/install/turtlebot3_gazebo/share/turtlebot3_gazebo//models/turtlebot3_dqn_world/model.sdf
[0.371s] -- Up-to-date: /home/omen/tp2_ws/install/turtlebot3_gazebo/share/turtlebot3_gazebo//models/turtlebot3_dqn_world/obstacle2
[0.371s] -- Up-to-date: /home/omen/tp2_ws/install/turtlebot3_gazebo/share/turtlebot3_gazebo//models/turtlebot3_dqn_world/obstacle2/model.config
[0.371s] -- Up-to-date: /home/omen/tp2_ws/install/turtlebot3_gazebo/share/turtlebot3_gazebo//models/turtlebot3_dqn_world/obstacle2/model.sdf
[0.372s] -- Up-to-date: /home/omen/tp2_ws/install/turtlebot3_gazebo/share/turtlebot3_gazebo//models/turtlebot3_burger
[0.372s] -- Up-to-date: /home/omen/tp2_ws/install/turtlebot3_gazebo/share/turtlebot3_gazebo//models/turtlebot3_burger/model.config
[0.372s] -- Up-to-date: /home/omen/tp2_ws/install/turtlebot3_gazebo/share/turtlebot3_gazebo//models/turtlebot3_burger/model-1_4.sdf
[0.372s] -- Up-to-date: /home/omen/tp2_ws/install/turtlebot3_gazebo/share/turtlebot3_gazebo//models/turtlebot3_burger/model.sdf
[0.373s] -- Up-to-date: /home/omen/tp2_ws/install/turtlebot3_gazebo/share/turtlebot3_gazebo//models/turtlebot3_common
[0.373s] -- Up-to-date: /home/omen/tp2_ws/install/turtlebot3_gazebo/share/turtlebot3_gazebo//models/turtlebot3_common/model.config
[0.373s] -- Up-to-date: /home/omen/tp2_ws/install/turtlebot3_gazebo/share/turtlebot3_gazebo//models/turtlebot3_common/meshes
[0.373s] -- Up-to-date: /home/omen/tp2_ws/install/turtlebot3_gazebo/share/turtlebot3_gazebo//models/turtlebot3_common/meshes/wheels
[0.373s] -- Up-to-date: /home/omen/tp2_ws/install/turtlebot3_gazebo/share/turtlebot3_gazebo//models/turtlebot3_common/meshes/wheels/right_tire.stl
[0.373s] -- Up-to-date: /home/omen/tp2_ws/install/turtlebot3_gazebo/share/turtlebot3_gazebo//models/turtlebot3_common/meshes/wheels/left_tire.stl
[0.373s] -- Up-to-date: /home/omen/tp2_ws/install/turtlebot3_gazebo/share/turtlebot3_gazebo//models/turtlebot3_common/meshes/burger_base.dae
[0.373s] -- Up-to-date: /home/omen/tp2_ws/install/turtlebot3_gazebo/share/turtlebot3_gazebo//models/turtlebot3_common/meshes/sensors
[0.373s] -- Up-to-date: /home/omen/tp2_ws/install/turtlebot3_gazebo/share/turtlebot3_gazebo//models/turtlebot3_common/meshes/sensors/lds.stl
[0.373s] -- Up-to-date: /home/omen/tp2_ws/install/turtlebot3_gazebo/share/turtlebot3_gazebo//models/turtlebot3_common/meshes/sensors/astra.dae
[0.373s] -- Up-to-date: /home/omen/tp2_ws/install/turtlebot3_gazebo/share/turtlebot3_gazebo//models/turtlebot3_common/meshes/sensors/astra.jpg
[0.373s] -- Up-to-date: /home/omen/tp2_ws/install/turtlebot3_gazebo/share/turtlebot3_gazebo//models/turtlebot3_common/meshes/sensors/r200.jpg
[0.374s] -- Up-to-date: /home/omen/tp2_ws/install/turtlebot3_gazebo/share/turtlebot3_gazebo//models/turtlebot3_common/meshes/sensors/r200.dae
[0.374s] -- Up-to-date: /home/omen/tp2_ws/install/turtlebot3_gazebo/share/turtlebot3_gazebo//models/turtlebot3_common/meshes/tire.dae
[0.374s] -- Up-to-date: /home/omen/tp2_ws/install/turtlebot3_gazebo/share/turtlebot3_gazebo//models/turtlebot3_common/meshes/waffle_base.dae
[0.374s] -- Up-to-date: /home/omen/tp2_ws/install/turtlebot3_gazebo/share/turtlebot3_gazebo//models/turtlebot3_common/meshes/waffle_pi_base.dae
[0.374s] -- Up-to-date: /home/omen/tp2_ws/install/turtlebot3_gazebo/share/turtlebot3_gazebo//models/turtlebot3_common/meshes/lds.dae
[0.374s] -- Up-to-date: /home/omen/tp2_ws/install/turtlebot3_gazebo/share/turtlebot3_gazebo//models/turtlebot3_common/meshes/bases
[0.374s] -- Up-to-date: /home/omen/tp2_ws/install/turtlebot3_gazebo/share/turtlebot3_gazebo//models/turtlebot3_common/meshes/bases/waffle_pi_base.stl
[0.374s] -- Up-to-date: /home/omen/tp2_ws/install/turtlebot3_gazebo/share/turtlebot3_gazebo//models/turtlebot3_common/meshes/bases/waffle_base.stl
[0.374s] -- Up-to-date: /home/omen/tp2_ws/install/turtlebot3_gazebo/share/turtlebot3_gazebo//models/turtlebot3_common/meshes/bases/burger_base.stl
[0.374s] -- Up-to-date: /home/omen/tp2_ws/install/turtlebot3_gazebo/share/turtlebot3_gazebo//models/turtlebot3_common/meshes/r200.dae
[0.374s] -- Up-to-date: /home/omen/tp2_ws/install/turtlebot3_gazebo/share/turtlebot3_gazebo//models/turtlebot3_house
[0.374s] -- Up-to-date: /home/omen/tp2_ws/install/turtlebot3_gazebo/share/turtlebot3_gazebo//models/turtlebot3_house/model.config
[0.374s] -- Up-to-date: /home/omen/tp2_ws/install/turtlebot3_gazebo/share/turtlebot3_gazebo//models/turtlebot3_house/first_2015_trash_can
[0.374s] -- Up-to-date: /home/omen/tp2_ws/install/turtlebot3_gazebo/share/turtlebot3_gazebo//models/turtlebot3_house/first_2015_trash_can/model.config
[0.374s] -- Up-to-date: /home/omen/tp2_ws/install/turtlebot3_gazebo/share/turtlebot3_gazebo//models/turtlebot3_house/first_2015_trash_can/meshes
[0.375s] -- Up-to-date: /home/omen/tp2_ws/install/turtlebot3_gazebo/share/turtlebot3_gazebo//models/turtlebot3_house/first_2015_trash_can/meshes/trash_can.dae
[0.375s] -- Up-to-date: /home/omen/tp2_ws/install/turtlebot3_gazebo/share/turtlebot3_gazebo//models/turtlebot3_house/first_2015_trash_can/model.sdf
[0.375s] -- Up-to-date: /home/omen/tp2_ws/install/turtlebot3_gazebo/share/turtlebot3_gazebo//models/turtlebot3_house/textures
[0.375s] -- Up-to-date: /home/omen/tp2_ws/install/turtlebot3_gazebo/share/turtlebot3_gazebo//models/turtlebot3_house/textures/wood.png
[0.375s] -- Up-to-date: /home/omen/tp2_ws/install/turtlebot3_gazebo/share/turtlebot3_gazebo//models/turtlebot3_house/textures/bricks.png
[0.375s] -- Up-to-date: /home/omen/tp2_ws/install/turtlebot3_gazebo/share/turtlebot3_gazebo//models/turtlebot3_house/table_marble
[0.375s] -- Up-to-date: /home/omen/tp2_ws/install/turtlebot3_gazebo/share/turtlebot3_gazebo//models/turtlebot3_house/table_marble/model.config
[0.375s] -- Up-to-date: /home/omen/tp2_ws/install/turtlebot3_gazebo/share/turtlebot3_gazebo//models/turtlebot3_house/table_marble/materials
[0.375s] -- Up-to-date: /home/omen/tp2_ws/install/turtlebot3_gazebo/share/turtlebot3_gazebo//models/turtlebot3_house/table_marble/materials/textures
[0.375s] -- Up-to-date: /home/omen/tp2_ws/install/turtlebot3_gazebo/share/turtlebot3_gazebo//models/turtlebot3_house/table_marble/materials/textures/marble.png
[0.375s] -- Up-to-date: /home/omen/tp2_ws/install/turtlebot3_gazebo/share/turtlebot3_gazebo//models/turtlebot3_house/table_marble/materials/textures/table_lightmap.png
[0.375s] -- Up-to-date: /home/omen/tp2_ws/install/turtlebot3_gazebo/share/turtlebot3_gazebo//models/turtlebot3_house/table_marble/materials/scripts
[0.375s] -- Up-to-date: /home/omen/tp2_ws/install/turtlebot3_gazebo/share/turtlebot3_gazebo//models/turtlebot3_house/table_marble/materials/scripts/table_lightmap.material
[0.375s] -- Up-to-date: /home/omen/tp2_ws/install/turtlebot3_gazebo/share/turtlebot3_gazebo//models/turtlebot3_house/table_marble/model-1_4.sdf
[0.375s] -- Up-to-date: /home/omen/tp2_ws/install/turtlebot3_gazebo/share/turtlebot3_gazebo//models/turtlebot3_house/table_marble/meshes
[0.376s] -- Up-to-date: /home/omen/tp2_ws/install/turtlebot3_gazebo/share/turtlebot3_gazebo//models/turtlebot3_house/table_marble/meshes/table_lightmap.dae
[0.376s] -- Up-to-date: /home/omen/tp2_ws/install/turtlebot3_gazebo/share/turtlebot3_gazebo//models/turtlebot3_house/table_marble/model.sdf
[0.376s] -- Up-to-date: /home/omen/tp2_ws/install/turtlebot3_gazebo/share/turtlebot3_gazebo//models/turtlebot3_house/mailbox
[0.376s] -- Up-to-date: /home/omen/tp2_ws/install/turtlebot3_gazebo/share/turtlebot3_gazebo//models/turtlebot3_house/mailbox/model.config
[0.376s] -- Up-to-date: /home/omen/tp2_ws/install/turtlebot3_gazebo/share/turtlebot3_gazebo//models/turtlebot3_house/mailbox/materials
[0.376s] -- Up-to-date: /home/omen/tp2_ws/install/turtlebot3_gazebo/share/turtlebot3_gazebo//models/turtlebot3_house/mailbox/materials/textures
[0.376s] -- Up-to-date: /home/omen/tp2_ws/install/turtlebot3_gazebo/share/turtlebot3_gazebo//models/turtlebot3_house/mailbox/materials/textures/Mailbox_Spec.png
[0.376s] -- Up-to-date: /home/omen/tp2_ws/install/turtlebot3_gazebo/share/turtlebot3_gazebo//models/turtlebot3_house/mailbox/materials/textures/Mailbox_Diffuse.tga.orig
[0.376s] -- Up-to-date: /home/omen/tp2_ws/install/turtlebot3_gazebo/share/turtlebot3_gazebo//models/turtlebot3_house/mailbox/materials/textures/Mailbox_Diffuse.png
[0.376s] -- Up-to-date: /home/omen/tp2_ws/install/turtlebot3_gazebo/share/turtlebot3_gazebo//models/turtlebot3_house/mailbox/materials/scripts
[0.376s] -- Up-to-date: /home/omen/tp2_ws/install/turtlebot3_gazebo/share/turtlebot3_gazebo//models/turtlebot3_house/mailbox/materials/scripts/mailbox.material
[0.376s] -- Up-to-date: /home/omen/tp2_ws/install/turtlebot3_gazebo/share/turtlebot3_gazebo//models/turtlebot3_house/mailbox/model-1_3.sdf
[0.376s] -- Up-to-date: /home/omen/tp2_ws/install/turtlebot3_gazebo/share/turtlebot3_gazebo//models/turtlebot3_house/mailbox/model-1_4.sdf
[0.376s] -- Up-to-date: /home/omen/tp2_ws/install/turtlebot3_gazebo/share/turtlebot3_gazebo//models/turtlebot3_house/mailbox/meshes
[0.376s] -- Up-to-date: /home/omen/tp2_ws/install/turtlebot3_gazebo/share/turtlebot3_gazebo//models/turtlebot3_house/mailbox/meshes/mailbox.dae
[0.377s] -- Up-to-date: /home/omen/tp2_ws/install/turtlebot3_gazebo/share/turtlebot3_gazebo//models/turtlebot3_house/mailbox/model.sdf
[0.377s] -- Up-to-date: /home/omen/tp2_ws/install/turtlebot3_gazebo/share/turtlebot3_gazebo//models/turtlebot3_house/model.sdf
[0.377s] -- Up-to-date: /home/omen/tp2_ws/install/turtlebot3_gazebo/share/turtlebot3_gazebo//models/turtlebot3_house/cafe_table
[0.377s] -- Up-to-date: /home/omen/tp2_ws/install/turtlebot3_gazebo/share/turtlebot3_gazebo//models/turtlebot3_house/cafe_table/model.config
[0.377s] -- Up-to-date: /home/omen/tp2_ws/install/turtlebot3_gazebo/share/turtlebot3_gazebo//models/turtlebot3_house/cafe_table/materials
[0.377s] -- Up-to-date: /home/omen/tp2_ws/install/turtlebot3_gazebo/share/turtlebot3_gazebo//models/turtlebot3_house/cafe_table/materials/textures
[0.377s] -- Up-to-date: /home/omen/tp2_ws/install/turtlebot3_gazebo/share/turtlebot3_gazebo//models/turtlebot3_house/cafe_table/materials/textures/Wood_Floor_Dark.jpg
[0.377s] -- Up-to-date: /home/omen/tp2_ws/install/turtlebot3_gazebo/share/turtlebot3_gazebo//models/turtlebot3_house/cafe_table/materials/textures/Maple.jpg
[0.377s] -- Up-to-date: /home/omen/tp2_ws/install/turtlebot3_gazebo/share/turtlebot3_gazebo//models/turtlebot3_house/cafe_table/model-1_4.sdf
[0.377s] -- Up-to-date: /home/omen/tp2_ws/install/turtlebot3_gazebo/share/turtlebot3_gazebo//models/turtlebot3_house/cafe_table/meshes
[0.378s] -- Up-to-date: /home/omen/tp2_ws/install/turtlebot3_gazebo/share/turtlebot3_gazebo//models/turtlebot3_house/cafe_table/meshes/cafe_table.dae
[0.378s] -- Up-to-date: /home/omen/tp2_ws/install/turtlebot3_gazebo/share/turtlebot3_gazebo//models/turtlebot3_house/cafe_table/model.sdf
[0.378s] -- Up-to-date: /home/omen/tp2_ws/install/turtlebot3_gazebo/share/turtlebot3_gazebo//models/turtlebot3_waffle_pi
[0.378s] -- Up-to-date: /home/omen/tp2_ws/install/turtlebot3_gazebo/share/turtlebot3_gazebo//models/turtlebot3_waffle_pi/model.config
[0.378s] -- Up-to-date: /home/omen/tp2_ws/install/turtlebot3_gazebo/share/turtlebot3_gazebo//models/turtlebot3_waffle_pi/model-1_4_.sdf
[0.378s] -- Up-to-date: /home/omen/tp2_ws/install/turtlebot3_gazebo/share/turtlebot3_gazebo//models/turtlebot3_waffle_pi/model.sdf
[0.378s] -- Up-to-date: /home/omen/tp2_ws/install/turtlebot3_gazebo/share/turtlebot3_gazebo//models/turtlebot3_burger_cam
[0.378s] -- Up-to-date: /home/omen/tp2_ws/install/turtlebot3_gazebo/share/turtlebot3_gazebo//models/turtlebot3_burger_cam/model.config
[0.378s] -- Up-to-date: /home/omen/tp2_ws/install/turtlebot3_gazebo/share/turtlebot3_gazebo//models/turtlebot3_burger_cam/model-1_4.sdf
[0.378s] -- Up-to-date: /home/omen/tp2_ws/install/turtlebot3_gazebo/share/turtlebot3_gazebo//models/turtlebot3_burger_cam/model.sdf
[0.378s] -- Up-to-date: /home/omen/tp2_ws/install/turtlebot3_gazebo/share/turtlebot3_gazebo//params
[0.378s] -- Up-to-date: /home/omen/tp2_ws/install/turtlebot3_gazebo/share/turtlebot3_gazebo//params/turtlebot3_waffle_pi_bridge.yaml
[0.378s] -- Up-to-date: /home/omen/tp2_ws/install/turtlebot3_gazebo/share/turtlebot3_gazebo//params/turtlebot3_waffle_bridge.yaml
[0.378s] -- Up-to-date: /home/omen/tp2_ws/install/turtlebot3_gazebo/share/turtlebot3_gazebo//params/turtlebot3_burger_bridge.yaml
[0.379s] -- Up-to-date: /home/omen/tp2_ws/install/turtlebot3_gazebo/share/turtlebot3_gazebo//params/turtlebot3_burger_cam_bridge.yaml
[0.379s] -- Up-to-date: /home/omen/tp2_ws/install/turtlebot3_gazebo/share/turtlebot3_gazebo//rviz
[0.379s] -- Up-to-date: /home/omen/tp2_ws/install/turtlebot3_gazebo/share/turtlebot3_gazebo//rviz/tb3_gazebo.rviz
[0.379s] -- Up-to-date: /home/omen/tp2_ws/install/turtlebot3_gazebo/share/turtlebot3_gazebo//urdf
[0.379s] -- Up-to-date: /home/omen/tp2_ws/install/turtlebot3_gazebo/share/turtlebot3_gazebo//urdf/turtlebot3_burger.urdf
[0.379s] -- Up-to-date: /home/omen/tp2_ws/install/turtlebot3_gazebo/share/turtlebot3_gazebo//urdf/common_properties.urdf
[0.379s] -- Up-to-date: /home/omen/tp2_ws/install/turtlebot3_gazebo/share/turtlebot3_gazebo//urdf/turtlebot3_waffle.urdf
[0.379s] -- Up-to-date: /home/omen/tp2_ws/install/turtlebot3_gazebo/share/turtlebot3_gazebo//urdf/turtlebot3_waffle_pi.urdf
[0.379s] -- Up-to-date: /home/omen/tp2_ws/install/turtlebot3_gazebo/share/turtlebot3_gazebo//urdf/turtlebot3_burger_cam.urdf
[0.379s] -- Up-to-date: /home/omen/tp2_ws/install/turtlebot3_gazebo/share/turtlebot3_gazebo//worlds
[0.379s] -- Up-to-date: /home/omen/tp2_ws/install/turtlebot3_gazebo/share/turtlebot3_gazebo//worlds/turtlebot3_house.world
[0.379s] -- Up-to-date: /home/omen/tp2_ws/install/turtlebot3_gazebo/share/turtlebot3_gazebo//worlds/empty_world.world
[0.379s] -- Up-to-date: /home/omen/tp2_ws/install/turtlebot3_gazebo/share/turtlebot3_gazebo//worlds/turtlebot3_dqn_stage3.world
[0.379s] -- Up-to-date: /home/omen/tp2_ws/install/turtlebot3_gazebo/share/turtlebot3_gazebo//worlds/turtlebot3_dqn_stage1.world
[0.379s] -- Up-to-date: /home/omen/tp2_ws/install/turtlebot3_gazebo/share/turtlebot3_gazebo//worlds/turtlebot3_dqn_stage2.world
[0.379s] -- Up-to-date: /home/omen/tp2_ws/install/turtlebot3_gazebo/share/turtlebot3_gazebo//worlds/turtlebot3_autorace_2020.world
[0.379s] -- Installing: /home/omen/tp2_ws/install/turtlebot3_gazebo/share/turtlebot3_gazebo//worlds/turtlebot3_world.world
[0.379s] -- Up-to-date: /home/omen/tp2_ws/install/turtlebot3_gazebo/share/turtlebot3_gazebo//worlds/turtlebot3_dqn_stage4.world
[0.379s] -- Up-to-date: /home/omen/tp2_ws/install/turtlebot3_gazebo/include/
[0.379s] -- Up-to-date: /home/omen/tp2_ws/install/turtlebot3_gazebo/include//turtlebot3_gazebo
[0.380s] -- Up-to-date: /home/omen/tp2_ws/install/turtlebot3_gazebo/include//turtlebot3_gazebo/traffic_bar_plugin.hpp
[0.380s] -- Up-to-date: /home/omen/tp2_ws/install/turtlebot3_gazebo/include//turtlebot3_gazebo/turtlebot3_drive.hpp
[0.380s] -- Up-to-date: /home/omen/tp2_ws/install/turtlebot3_gazebo/include//turtlebot3_gazebo/obstacles.hpp
[0.380s] -- Up-to-date: /home/omen/tp2_ws/install/turtlebot3_gazebo/include//turtlebot3_gazebo/traffic_light_plugin.hpp
[0.380s] -- Up-to-date: /home/omen/tp2_ws/install/turtlebot3_gazebo/include//turtlebot3_gazebo/obstacle1.hpp
[0.380s] -- Up-to-date: /home/omen/tp2_ws/install/turtlebot3_gazebo/include//turtlebot3_gazebo/obstacle2.hpp
[0.380s] -- Up-to-date: /home/omen/tp2_ws/install/turtlebot3_gazebo/share/ament_index/resource_index/package_run_dependencies/turtlebot3_gazebo
[0.380s] -- Up-to-date: /home/omen/tp2_ws/install/turtlebot3_gazebo/share/ament_index/resource_index/parent_prefix_path/turtlebot3_gazebo
[0.380s] -- Up-to-date: /home/omen/tp2_ws/install/turtlebot3_gazebo/share/turtlebot3_gazebo/environment/ament_prefix_path.sh
[0.380s] -- Up-to-date: /home/omen/tp2_ws/install/turtlebot3_gazebo/share/turtlebot3_gazebo/environment/ament_prefix_path.dsv
[0.380s] -- Up-to-date: /home/omen/tp2_ws/install/turtlebot3_gazebo/share/turtlebot3_gazebo/environment/path.sh
[0.380s] -- Up-to-date: /home/omen/tp2_ws/install/turtlebot3_gazebo/share/turtlebot3_gazebo/environment/path.dsv
[0.380s] -- Up-to-date: /home/omen/tp2_ws/install/turtlebot3_gazebo/share/turtlebot3_gazebo/local_setup.bash
[0.380s] -- Up-to-date: /home/omen/tp2_ws/install/turtlebot3_gazebo/share/turtlebot3_gazebo/local_setup.sh
[0.380s] -- Up-to-date: /home/omen/tp2_ws/install/turtlebot3_gazebo/share/turtlebot3_gazebo/local_setup.zsh
[0.380s] -- Up-to-date: /home/omen/tp2_ws/install/turtlebot3_gazebo/share/turtlebot3_gazebo/local_setup.dsv
[0.380s] -- Installing: /home/omen/tp2_ws/install/turtlebot3_gazebo/share/turtlebot3_gazebo/package.dsv
[0.380s] -- Up-to-date: /home/omen/tp2_ws/install/turtlebot3_gazebo/share/ament_index/resource_index/packages/turtlebot3_gazebo
[0.380s] -- Up-to-date: /home/omen/tp2_ws/install/turtlebot3_gazebo/share/turtlebot3_gazebo/cmake/ament_cmake_export_include_directories-extras.cmake
[0.380s] -- Up-to-date: /home/omen/tp2_ws/install/turtlebot3_gazebo/share/turtlebot3_gazebo/cmake/ament_cmake_export_dependencies-extras.cmake
[0.380s] -- Up-to-date: /home/omen/tp2_ws/install/turtlebot3_gazebo/share/turtlebot3_gazebo/cmake/turtlebot3_gazeboConfig.cmake
[0.380s] -- Up-to-date: /home/omen/tp2_ws/install/turtlebot3_gazebo/share/turtlebot3_gazebo/cmake/turtlebot3_gazeboConfig-version.cmake
[0.380s] -- Up-to-date: /home/omen/tp2_ws/install/turtlebot3_gazebo/share/turtlebot3_gazebo/package.xml
[0.394s] Invoked command in '/home/omen/tp2_ws/build/turtlebot3_gazebo' returned '0': CMAKE_PREFIX_PATH=${CMAKE_PREFIX_PATH}:/home/omen/tp2_ws/install/mon_teleop:/home/omen/tp2_ws/install/mon_evitement:/opt/ros/jazzy DEBUGINFOD_URLS=https://debuginfod.ubuntu.com /usr/bin/cmake --install /home/omen/tp2_ws/build/turtlebot3_gazebo
