[0.024s] Invoking command in '/home/omen/tp2_ws/build/turtlebot3_fake_node': CMAKE_PREFIX_PATH=${CMAKE_PREFIX_PATH}:/opt/ros/jazzy DEBUGINFOD_URLS=https://debuginfod.ubuntu.com /usr/bin/cmake /home/omen/tp2_ws/src/turtlebot3_simulations/turtlebot3_fake_node -DCMAKE_INSTALL_PREFIX=/home/omen/tp2_ws/install/turtlebot3_fake_node
[0.185s] -- The C compiler identification is GNU 13.3.0
[0.226s] -- The CXX compiler identification is GNU 13.3.0
[0.242s] -- Detecting C compiler ABI info
[0.328s] -- Detecting C compiler ABI info - done
[0.342s] -- Check for working C compiler: /usr/bin/cc - skipped
[0.342s] -- Detecting C compile features
[0.343s] -- Detecting C compile features - done
[0.352s] -- Detecting CXX compiler ABI info
[0.433s] -- Detecting CXX compiler ABI info - done
[0.447s] -- Check for working CXX compiler: /usr/bin/c++ - skipped
[0.447s] -- Detecting CXX compile features
[0.448s] -- Detecting CXX compile features - done
[0.453s] -- Found ament_cmake: 2.5.5 (/opt/ros/jazzy/share/ament_cmake/cmake)
[0.596s] -- Found Python3: /usr/bin/python3 (found version "3.12.3") found components: Interpreter 
[0.721s] -- Found geometry_msgs: 5.3.6 (/opt/ros/jazzy/share/geometry_msgs/cmake)
[0.784s] -- Found rosidl_generator_c: 4.6.7 (/opt/ros/jazzy/share/rosidl_generator_c/cmake)
[0.808s] -- Found rosidl_generator_cpp: 4.6.7 (/opt/ros/jazzy/share/rosidl_generator_cpp/cmake)
[0.823s] -- Using all available rosidl_typesupport_c: rosidl_typesupport_fastrtps_c;rosidl_typesupport_introspection_c
[0.841s] -- Using all available rosidl_typesupport_cpp: rosidl_typesupport_fastrtps_cpp;rosidl_typesupport_introspection_cpp
[0.896s] -- Found nav_msgs: 5.3.6 (/opt/ros/jazzy/share/nav_msgs/cmake)
[0.944s] -- Found rclcpp: 28.1.16 (/opt/ros/jazzy/share/rclcpp/cmake)
[1.004s] -- Found rmw_implementation_cmake: 7.3.3 (/opt/ros/jazzy/share/rmw_implementation_cmake/cmake)
[1.007s] -- Found rmw_fastrtps_cpp: 8.4.3 (/opt/ros/jazzy/share/rmw_fastrtps_cpp/cmake)
[1.077s] -- Found OpenSSL: /usr/lib/x86_64-linux-gnu/libcrypto.so (found version "3.0.13")  
[1.099s] -- Found FastRTPS: /opt/ros/jazzy/include (Required is at least version "2.13") 
[1.124s] -- Using RMW implementation 'rmw_fastrtps_cpp' as default
[1.206s] -- Found sensor_msgs: 5.3.6 (/opt/ros/jazzy/share/sensor_msgs/cmake)
[1.236s] -- Found tf2: 0.36.19 (/opt/ros/jazzy/share/tf2/cmake)
[1.246s] -- Found tf2_msgs: 0.36.19 (/opt/ros/jazzy/share/tf2_msgs/cmake)
[1.332s] -- Found turtlebot3_msgs: 2.4.0 (/opt/ros/jazzy/share/turtlebot3_msgs/cmake)
[1.458s] -- Configuring done (1.4s)
[1.470s] -- Generating done (0.0s)
[1.474s] -- Build files have been written to: /home/omen/tp2_ws/build/turtlebot3_fake_node
[1.488s] Invoked command in '/home/omen/tp2_ws/build/turtlebot3_fake_node' returned '0': CMAKE_PREFIX_PATH=${CMAKE_PREFIX_PATH}:/opt/ros/jazzy DEBUGINFOD_URLS=https://debuginfod.ubuntu.com /usr/bin/cmake /home/omen/tp2_ws/src/turtlebot3_simulations/turtlebot3_fake_node -DCMAKE_INSTALL_PREFIX=/home/omen/tp2_ws/install/turtlebot3_fake_node
[1.490s] Invoking command in '/home/omen/tp2_ws/build/turtlebot3_fake_node': CMAKE_PREFIX_PATH=${CMAKE_PREFIX_PATH}:/opt/ros/jazzy DEBUGINFOD_URLS=https://debuginfod.ubuntu.com /usr/bin/cmake --build /home/omen/tp2_ws/build/turtlebot3_fake_node -- -j16 -l16
[1.536s] [ 50%] [32mBuilding CXX object CMakeFiles/turtlebot3_fake_node.dir/src/turtlebot3_fake_node.cpp.o[0m
[8.603s] [100%] [32m[1mLinking CXX executable turtlebot3_fake_node[0m
[8.988s] [100%] Built target turtlebot3_fake_node
[9.002s] Invoked command in '/home/omen/tp2_ws/build/turtlebot3_fake_node' returned '0': CMAKE_PREFIX_PATH=${CMAKE_PREFIX_PATH}:/opt/ros/jazzy DEBUGINFOD_URLS=https://debuginfod.ubuntu.com /usr/bin/cmake --build /home/omen/tp2_ws/build/turtlebot3_fake_node -- -j16 -l16
[9.012s] Invoking command in '/home/omen/tp2_ws/build/turtlebot3_fake_node': CMAKE_PREFIX_PATH=${CMAKE_PREFIX_PATH}:/opt/ros/jazzy DEBUGINFOD_URLS=https://debuginfod.ubuntu.com /usr/bin/cmake --install /home/omen/tp2_ws/build/turtlebot3_fake_node
[9.020s] -- Install configuration: ""
[9.020s] -- Installing: /home/omen/tp2_ws/install/turtlebot3_fake_node/lib/turtlebot3_fake_node/turtlebot3_fake_node
[9.024s] -- Set non-toolchain portion of runtime path of "/home/omen/tp2_ws/install/turtlebot3_fake_node/lib/turtlebot3_fake_node/turtlebot3_fake_node" to ""
[9.024s] -- Installing: /home/omen/tp2_ws/install/turtlebot3_fake_node/share/turtlebot3_fake_node/launch
[9.025s] -- Installing: /home/omen/tp2_ws/install/turtlebot3_fake_node/share/turtlebot3_fake_node/launch/rviz2.launch.py
[9.025s] -- Installing: /home/omen/tp2_ws/install/turtlebot3_fake_node/share/turtlebot3_fake_node/launch/turtlebot3_fake_node.launch.py
[9.025s] -- Installing: /home/omen/tp2_ws/install/turtlebot3_fake_node/share/turtlebot3_fake_node/param
[9.025s] -- Installing: /home/omen/tp2_ws/install/turtlebot3_fake_node/share/turtlebot3_fake_node/param/waffle.yaml
[9.025s] -- Installing: /home/omen/tp2_ws/install/turtlebot3_fake_node/share/turtlebot3_fake_node/param/burger.yaml
[9.025s] -- Installing: /home/omen/tp2_ws/install/turtlebot3_fake_node/share/turtlebot3_fake_node/param/waffle_pi.yaml
[9.025s] -- Installing: /home/omen/tp2_ws/install/turtlebot3_fake_node/include/
[9.025s] -- Installing: /home/omen/tp2_ws/install/turtlebot3_fake_node/include//turtlebot3_fake_node
[9.025s] -- Installing: /home/omen/tp2_ws/install/turtlebot3_fake_node/include//turtlebot3_fake_node/turtlebot3_fake_node.hpp
[9.025s] -- Installing: /home/omen/tp2_ws/install/turtlebot3_fake_node/share/ament_index/resource_index/package_run_dependencies/turtlebot3_fake_node
[9.025s] -- Installing: /home/omen/tp2_ws/install/turtlebot3_fake_node/share/ament_index/resource_index/parent_prefix_path/turtlebot3_fake_node
[9.025s] -- Installing: /home/omen/tp2_ws/install/turtlebot3_fake_node/share/turtlebot3_fake_node/environment/ament_prefix_path.sh
[9.025s] -- Installing: /home/omen/tp2_ws/install/turtlebot3_fake_node/share/turtlebot3_fake_node/environment/ament_prefix_path.dsv
[9.025s] -- Installing: /home/omen/tp2_ws/install/turtlebot3_fake_node/share/turtlebot3_fake_node/environment/path.sh
[9.025s] -- Installing: /home/omen/tp2_ws/install/turtlebot3_fake_node/share/turtlebot3_fake_node/environment/path.dsv
[9.025s] -- Installing: /home/omen/tp2_ws/install/turtlebot3_fake_node/share/turtlebot3_fake_node/local_setup.bash
[9.025s] -- Installing: /home/omen/tp2_ws/install/turtlebot3_fake_node/share/turtlebot3_fake_node/local_setup.sh
[9.026s] -- Installing: /home/omen/tp2_ws/install/turtlebot3_fake_node/share/turtlebot3_fake_node/local_setup.zsh
[9.026s] -- Installing: /home/omen/tp2_ws/install/turtlebot3_fake_node/share/turtlebot3_fake_node/local_setup.dsv
[9.026s] -- Installing: /home/omen/tp2_ws/install/turtlebot3_fake_node/share/turtlebot3_fake_node/package.dsv
[9.026s] -- Installing: /home/omen/tp2_ws/install/turtlebot3_fake_node/share/ament_index/resource_index/packages/turtlebot3_fake_node
[9.026s] -- Installing: /home/omen/tp2_ws/install/turtlebot3_fake_node/share/turtlebot3_fake_node/cmake/ament_cmake_export_include_directories-extras.cmake
[9.026s] -- Installing: /home/omen/tp2_ws/install/turtlebot3_fake_node/share/turtlebot3_fake_node/cmake/ament_cmake_export_dependencies-extras.cmake
[9.026s] -- Installing: /home/omen/tp2_ws/install/turtlebot3_fake_node/share/turtlebot3_fake_node/cmake/turtlebot3_fake_nodeConfig.cmake
[9.026s] -- Installing: /home/omen/tp2_ws/install/turtlebot3_fake_node/share/turtlebot3_fake_node/cmake/turtlebot3_fake_nodeConfig-version.cmake
[9.026s] -- Installing: /home/omen/tp2_ws/install/turtlebot3_fake_node/share/turtlebot3_fake_node/package.xml
[9.028s] Invoked command in '/home/omen/tp2_ws/build/turtlebot3_fake_node' returned '0': CMAKE_PREFIX_PATH=${CMAKE_PREFIX_PATH}:/opt/ros/jazzy DEBUGINFOD_URLS=https://debuginfod.ubuntu.com /usr/bin/cmake --install /home/omen/tp2_ws/build/turtlebot3_fake_node
