[0.021s] Invoking command in '/home/omen/tp2_ws/build/turtlebot3_gazebo': CMAKE_PREFIX_PATH=${CMAKE_PREFIX_PATH}:/opt/ros/jazzy DEBUGINFOD_URLS=https://debuginfod.ubuntu.com /usr/bin/cmake /home/omen/tp2_ws/src/turtlebot3_simulations/turtlebot3_gazebo -DCMAKE_INSTALL_PREFIX=/home/omen/tp2_ws/install/turtlebot3_gazebo
[0.182s] -- The C compiler identification is GNU 13.3.0
[0.222s] -- The CXX compiler identification is GNU 13.3.0
[0.239s] -- Detecting C compiler ABI info
[0.324s] -- Detecting C compiler ABI info - done
[0.331s] -- Check for working C compiler: /usr/bin/cc - skipped
[0.331s] -- Detecting C compile features
[0.331s] -- Detecting C compile features - done
[0.340s] -- Detecting CXX compiler ABI info
[0.424s] -- Detecting CXX compiler ABI info - done
[0.432s] -- Check for working CXX compiler: /usr/bin/c++ - skipped
[0.432s] -- Detecting CXX compile features
[0.432s] -- Detecting CXX compile features - done
[0.441s] -- Found ament_cmake: 2.5.5 (/opt/ros/jazzy/share/ament_cmake/cmake)
[0.581s] -- Found Python3: /usr/bin/python3 (found version "3.12.3") found components: Interpreter 
[0.717s] -- Found ros_gz_sim: 1.0.18 (/opt/ros/jazzy/share/ros_gz_sim/cmake)
[0.778s] -- Found rosidl_generator_c: 4.6.7 (/opt/ros/jazzy/share/rosidl_generator_c/cmake)
[0.793s] -- Found rosidl_generator_cpp: 4.6.7 (/opt/ros/jazzy/share/rosidl_generator_cpp/cmake)
[0.817s] -- Using all available rosidl_typesupport_c: rosidl_typesupport_fastrtps_c;rosidl_typesupport_introspection_c
[0.839s] -- Using all available rosidl_typesupport_cpp: rosidl_typesupport_fastrtps_cpp;rosidl_typesupport_introspection_cpp
[0.949s] -- Found rmw_implementation_cmake: 7.3.3 (/opt/ros/jazzy/share/rmw_implementation_cmake/cmake)
[0.954s] -- Found rmw_fastrtps_cpp: 8.4.3 (/opt/ros/jazzy/share/rmw_fastrtps_cpp/cmake)
[1.048s] -- Found OpenSSL: /usr/lib/x86_64-linux-gnu/libcrypto.so (found version "3.0.13")  
[1.072s] -- Found FastRTPS: /opt/ros/jazzy/include (Required is at least version "2.13") 
[1.095s] -- Using RMW implementation 'rmw_fastrtps_cpp' as default
[1.337s] -- Found nav_msgs: 5.3.6 (/opt/ros/jazzy/share/nav_msgs/cmake)
[1.355s] -- Found sensor_msgs: 5.3.6 (/opt/ros/jazzy/share/sensor_msgs/cmake)
[1.372s] -- Found gz_math_vendor: 0.0.8 (/opt/ros/jazzy/share/gz_math_vendor/cmake)
[1.382s] -- Looking for gz-math7 -- found version 7.5.2
[1.389s] -- Searching for dependencies of gz-math7
[1.390s] -- Looking for gz-utils2 -- found version 2.2.1
[1.390s] -- Searching for dependencies of gz-utils2
[1.393s] -- Found gz_sim_vendor: 0.0.9 (/opt/ros/jazzy/share/gz_sim_vendor/cmake)
[1.471s] -- Looking for gz-sim8 -- found version 8.10.0
[1.472s] -- Searching for dependencies of gz-sim8
[1.475s] -- Looking for sdformat14 -- found version 14.8.0
[1.475s] -- Searching for dependencies of sdformat14
[1.481s] -- Checking for module 'tinyxml2'
[1.494s] --   Found tinyxml2, version 10.0.0
[1.521s] -- Looking for gz-math7 -- found version 7.5.2
[1.521s] -- Looking for gz-utils2 -- found version 2.2.1
[1.521s] -- Searching for dependencies of gz-utils2
[1.521s] -- Searching for <gz-utils2> component [cli]
[1.524s] -- Looking for gz-utils2-cli -- found version 2.2.1
[1.524s] -- Searching for dependencies of gz-utils2-cli
[1.528s] -- Looking for gz-plugin2 -- found version 2.0.4
[1.528s] -- Searching for dependencies of gz-plugin2
[1.528s] -- Looking for gz-utils2 -- found version 2.2.1
[1.529s] -- Searching for <gz-plugin2> component [loader]
[1.531s] -- Looking for gz-plugin2-loader -- found version 2.0.4
[1.531s] -- Searching for dependencies of gz-plugin2-loader
[1.532s] -- Searching for <gz-plugin2> component [register]
[1.533s] -- Looking for gz-plugin2-register -- found version 2.0.4
[1.533s] -- Searching for dependencies of gz-plugin2-register
[1.536s] -- Looking for gz-transport13 -- found version 13.5.0
[1.536s] -- Searching for dependencies of gz-transport13
[1.654s] -- Found Protobuf: /usr/lib/x86_64-linux-gnu/libprotobuf.so (found version "3.21.12") 
[1.664s] -- Config-file not installed for ZeroMQ -- checking for pkg-config
[1.668s] -- Checking for module 'libzmq >= 4'
[1.682s] --   Found libzmq, version 4.3.5
[1.714s] -- Found ZeroMQ: TRUE (Required is at least version "4") 
[1.720s] -- Checking for module 'uuid'
[1.734s] --   Found uuid, version 2.39.3
[1.759s] -- Found UUID: TRUE  
[1.759s] -- Looking for gz-utils2 -- found version 2.2.1
[1.761s] -- Looking for gz-msgs10 -- found version 10.3.2
[1.762s] -- Searching for dependencies of gz-msgs10
[1.779s] -- Looking for gz-utils2 -- found version 2.2.1
[1.779s] -- Looking for gz-math7 -- found version 7.5.2
[1.787s] -- Searching for <gz-transport13> component [log]
[1.789s] -- Looking for gz-transport13-log -- found version 13.5.0
[1.789s] -- Searching for dependencies of gz-transport13-log
[1.790s] -- Searching for <gz-transport13> component [parameters]
[1.792s] -- Looking for gz-transport13-parameters -- found version 13.5.0
[1.792s] -- Searching for dependencies of gz-transport13-parameters
[1.793s] -- Looking for gz-msgs10 -- found version 10.3.2
[1.795s] -- Looking for gz-common5 -- found version 5.7.1
[1.795s] -- Searching for dependencies of gz-common5
[1.796s] -- Looking for gz-utils2 -- found version 2.2.1
[1.796s] -- Looking for dlfcn.h - found
[1.798s] -- Looking for libdl - found
[1.800s] -- Found DL: TRUE  
[1.807s] -- Searching for <gz-common5> component [av]
[1.809s] -- Looking for gz-common5-av -- found version 5.7.1
[1.809s] -- Searching for dependencies of gz-common5-av
[1.814s] -- Checking for module 'libswscale'
[1.827s] --   Found libswscale, version 7.5.100
[1.855s] -- Found SWSCALE: TRUE  
[1.859s] -- Checking for module 'libavdevice >= 56.4.100'
[1.871s] --   Found libavdevice, version 60.3.100
[1.906s] -- Found AVDEVICE: TRUE (Required is at least version "56.4.100") 
[1.911s] -- Checking for module 'libavformat'
[1.923s] --   Found libavformat, version 60.16.100
[1.955s] -- Found AVFORMAT: TRUE  
[1.959s] -- Checking for module 'libavcodec'
[1.973s] --   Found libavcodec, version 60.31.102
[2.006s] -- Found AVCODEC: TRUE  
[2.010s] -- Checking for module 'libavutil'
[2.023s] --   Found libavutil, version 58.29.100
[2.051s] -- Found AVUTIL: TRUE  
[2.052s] -- Searching for <gz-common5> component [events]
[2.055s] -- Looking for gz-common5-events -- found version 5.7.1
[2.055s] -- Searching for dependencies of gz-common5-events
[2.055s] -- Looking for gz-math7 -- found version 7.5.2
[2.056s] -- Searching for <gz-common5> component [graphics]
[2.058s] -- Looking for gz-common5-graphics -- found version 5.7.1
[2.058s] -- Searching for dependencies of gz-common5-graphics
[2.059s] -- Looking for gz-math7 -- found version 7.5.2
[2.064s] -- Found GzAssimp: TRUE (found version "5.3.0") 
[2.065s] -- Searching for <gz-common5> component [io]
[2.067s] -- Looking for gz-common5-io -- found version 5.7.1
[2.067s] -- Searching for dependencies of gz-common5-io
[2.068s] -- Searching for <gz-common5> component [profiler]
[2.070s] -- Looking for gz-common5-profiler -- found version 5.7.1
[2.070s] -- Searching for dependencies of gz-common5-profiler
[2.073s] -- Looking for gz-fuel_tools9 -- found version 9.1.1
[2.073s] -- Searching for dependencies of gz-fuel_tools9
[2.151s] -- Found CURL: /usr/lib/x86_64-linux-gnu/libcurl.so (found version "8.5.0")  
[2.166s] -- Checking for module 'jsoncpp'
[2.183s] --   Found jsoncpp, version 1.9.5
[2.213s] -- Found JSONCPP: TRUE  
[2.230s] -- Checking for module 'yaml-0.1'
[2.245s] --   Found yaml-0.1, version 0.2.5
[2.274s] -- Found YAML: TRUE  
[2.280s] -- Checking for module 'libzip'
[2.297s] --   Found libzip, version 1.7.3
[2.326s] -- Found ZIP: TRUE  
[2.326s] -- Looking for gz-utils2 -- found version 2.2.1
[2.326s] -- Looking for gz-common5 -- found version 5.7.1
[2.326s] -- Searching for dependencies of gz-common5
[2.327s] -- Looking for gz-utils2 -- found version 2.2.1
[2.327s] -- Looking for dlfcn.h - found
[2.327s] -- Looking for libdl - found
[2.334s] -- Searching for <gz-common5> component [testing]
[2.336s] -- Looking for gz-common5-testing -- found version 5.7.1
[2.336s] -- Searching for dependencies of gz-common5-testing
[2.337s] -- Looking for gz-math7 -- found version 7.5.2
[2.338s] -- Looking for gz-msgs10 -- found version 10.3.2
[2.341s] -- Looking for gz-gui8 -- found version 8.4.0
[2.341s] -- Searching for dependencies of gz-gui8
[2.365s] -- Looking for gz-utils2 -- found version 2.2.1
[2.365s] -- Looking for gz-math7 -- found version 7.5.2
[2.365s] -- Looking for gz-common5 -- found version 5.7.1
[2.366s] -- Looking for gz-plugin2 -- found version 2.0.4
[2.366s] -- Looking for gz-transport13 -- found version 13.5.0
[2.369s] -- Looking for gz-rendering8 -- found version 8.2.3
[2.369s] -- Searching for dependencies of gz-rendering8
[2.369s] -- Looking for gz-math7 -- found version 7.5.2
[2.369s] -- Searching for dependencies of gz-math7
[2.370s] -- Looking for gz-utils2 -- found version 2.2.1
[2.370s] -- Searching for <gz-math7> component [eigen3]
[2.372s] -- Looking for gz-math7-eigen3 -- found version 7.5.2
[2.372s] -- Searching for dependencies of gz-math7-eigen3
[2.382s] -- Looking for gz-common5 -- found version 5.7.1
[2.382s] -- Searching for dependencies of gz-common5
[2.382s] -- Looking for gz-utils2 -- found version 2.2.1
[2.382s] -- Looking for dlfcn.h - found
[2.382s] -- Looking for libdl - found
[2.389s] -- Searching for <gz-common5> component [graphics]
[2.390s] -- Searching for <gz-common5> component [events]
[2.390s] -- Searching for <gz-common5> component [geospatial]
[2.392s] -- Looking for gz-common5-geospatial -- found version 5.7.1
[2.392s] -- Searching for dependencies of gz-common5-geospatial
[2.392s] -- Looking for gz-math7 -- found version 7.5.2
[2.392s] -- Looking for gz-common5 -- found version 5.7.1
[2.394s] -- Looking for gz-plugin2 -- found version 2.0.4
[2.395s] -- Searching for dependencies of gz-plugin2
[2.395s] -- Looking for gz-utils2 -- found version 2.2.1
[2.395s] -- Searching for <gz-plugin2> component [all]
[2.397s] -- Looking for all libraries of gz-plugin2 -- found version 2.0.4
[2.397s] -- Looking for gz-plugin2 -- found version 2.0.4
[2.398s] -- Looking for gz-utils2 -- found version 2.2.1
[2.413s] -- Found OpenGL: /usr/lib/x86_64-linux-gnu/libOpenGL.so  found components: OpenGL 
[2.415s] -- Looking for gz-msgs10 -- found version 10.3.2
[2.455s] -- Looking for gz-physics7 -- found version 7.6.0
[2.455s] -- Searching for dependencies of gz-physics7
[2.455s] -- Looking for gz-common5 -- found version 5.7.1
[2.456s] -- Looking for gz-math7 -- found version 7.5.2
[2.456s] -- Looking for gz-plugin2 -- found version 2.0.4
[2.456s] -- Looking for gz-utils2 -- found version 2.2.1
[2.457s] -- Searching for <gz-physics7> component [heightmap]
[2.459s] -- Looking for gz-physics7-heightmap -- found version 7.6.0
[2.460s] -- Searching for dependencies of gz-physics7-heightmap
[2.460s] -- Looking for gz-common5 -- found version 5.7.1
[2.460s] -- Searching for <gz-physics7> component [mesh]
[2.462s] -- Looking for gz-physics7-mesh -- found version 7.6.0
[2.462s] -- Searching for dependencies of gz-physics7-mesh
[2.462s] -- Looking for gz-common5 -- found version 5.7.1
[2.463s] -- Searching for <gz-physics7> component [sdf]
[2.464s] -- Looking for gz-physics7-sdf -- found version 7.6.0
[2.464s] -- Searching for dependencies of gz-physics7-sdf
[2.464s] -- Looking for sdformat14 -- found version 14.8.0
[2.468s] -- Looking for gz-sensors8 -- found version 8.2.2
[2.468s] -- Searching for dependencies of gz-sensors8
[2.485s] -- Looking for gz-math7 -- found version 7.5.2
[2.486s] -- Looking for gz-common5 -- found version 5.7.1
[2.486s] -- Looking for gz-transport13 -- found version 13.5.0
[2.486s] -- Looking for gz-rendering8 -- found version 8.2.3
[2.486s] -- Looking for gz-msgs10 -- found version 10.3.2
[2.487s] -- Looking for sdformat14 -- found version 14.8.0
[2.487s] -- Searching for <gz-sensors8> component [air_pressure]
[2.489s] -- Looking for gz-sensors8-air_pressure -- found version 8.2.2
[2.489s] -- Searching for dependencies of gz-sensors8-air_pressure
[2.489s] -- Searching for <gz-sensors8> component [air_speed]
[2.490s] -- Looking for gz-sensors8-air_speed -- found version 8.2.2
[2.491s] -- Searching for dependencies of gz-sensors8-air_speed
[2.491s] -- Searching for <gz-sensors8> component [altimeter]
[2.492s] -- Looking for gz-sensors8-altimeter -- found version 8.2.2
[2.492s] -- Searching for dependencies of gz-sensors8-altimeter
[2.493s] -- Searching for <gz-sensors8> component [imu]
[2.494s] -- Looking for gz-sensors8-imu -- found version 8.2.2
[2.494s] -- Searching for dependencies of gz-sensors8-imu
[2.494s] -- Searching for <gz-sensors8> component [force_torque]
[2.495s] -- Looking for gz-sensors8-force_torque -- found version 8.2.2
[2.495s] -- Searching for dependencies of gz-sensors8-force_torque
[2.496s] -- Searching for <gz-sensors8> component [logical_camera]
[2.499s] -- Looking for gz-sensors8-logical_camera -- found version 8.2.2
[2.499s] -- Searching for dependencies of gz-sensors8-logical_camera
[2.500s] -- Searching for <gz-sensors8> component [magnetometer]
[2.503s] -- Looking for gz-sensors8-magnetometer -- found version 8.2.2
[2.503s] -- Searching for dependencies of gz-sensors8-magnetometer
[2.504s] -- Searching for <gz-sensors8> component [navsat]
[2.507s] -- Looking for gz-sensors8-navsat -- found version 8.2.2
[2.507s] -- Searching for dependencies of gz-sensors8-navsat
[2.508s] -- Searching for <gz-sensors8> component [dvl]
[2.510s] -- Looking for gz-sensors8-dvl -- found version 8.2.2
[2.511s] -- Searching for dependencies of gz-sensors8-dvl
[2.511s] -- Looking for gz-sensors8 -- found version 8.2.2
[2.511s] -- Searching for dependencies of gz-sensors8
[2.540s] -- Looking for gz-math7 -- found version 7.5.2
[2.541s] -- Looking for gz-common5 -- found version 5.7.1
[2.542s] -- Looking for gz-transport13 -- found version 13.5.0
[2.542s] -- Looking for gz-rendering8 -- found version 8.2.3
[2.542s] -- Looking for gz-msgs10 -- found version 10.3.2
[2.542s] -- Looking for sdformat14 -- found version 14.8.0
[2.542s] -- Searching for <gz-sensors8> component [rendering]
[2.544s] -- Looking for gz-sensors8-rendering -- found version 8.2.2
[2.544s] -- Searching for dependencies of gz-sensors8-rendering
[2.546s] -- Searching for <gz-sensors8> component [rendering]
[2.546s] -- Searching for <gz-sensors8> component [lidar]
[2.548s] -- Looking for gz-sensors8-lidar -- found version 8.2.2
[2.548s] -- Searching for dependencies of gz-sensors8-lidar
[2.548s] -- Looking for gz-sensors8 -- found version 8.2.2
[2.549s] -- Searching for <gz-sensors8> component [gpu_lidar]
[2.551s] -- Looking for gz-sensors8-gpu_lidar -- found version 8.2.2
[2.551s] -- Searching for dependencies of gz-sensors8-gpu_lidar
[2.551s] -- Looking for gz-sensors8 -- found version 8.2.2
[2.552s] -- Searching for <gz-sensors8> component [camera]
[2.554s] -- Looking for gz-sensors8-camera -- found version 8.2.2
[2.554s] -- Searching for dependencies of gz-sensors8-camera
[2.554s] -- Looking for gz-sensors8 -- found version 8.2.2
[2.555s] -- Searching for <gz-sensors8> component [boundingbox_camera]
[2.557s] -- Looking for gz-sensors8-boundingbox_camera -- found version 8.2.2
[2.557s] -- Searching for dependencies of gz-sensors8-boundingbox_camera
[2.558s] -- Searching for <gz-sensors8> component [segmentation_camera]
[2.559s] -- Looking for gz-sensors8-segmentation_camera -- found version 8.2.2
[2.559s] -- Searching for dependencies of gz-sensors8-segmentation_camera
[2.560s] -- Searching for <gz-sensors8> component [depth_camera]
[2.563s] -- Looking for gz-sensors8-depth_camera -- found version 8.2.2
[2.563s] -- Searching for dependencies of gz-sensors8-depth_camera
[2.563s] -- Looking for gz-sensors8 -- found version 8.2.2
[2.565s] -- Searching for <gz-sensors8> component [rgbd_camera]
[2.567s] -- Looking for gz-sensors8-rgbd_camera -- found version 8.2.2
[2.569s] -- Searching for dependencies of gz-sensors8-rgbd_camera
[2.569s] -- Looking for gz-sensors8 -- found version 8.2.2
[2.569s] -- Searching for <gz-sensors8> component [thermal_camera]
[2.572s] -- Looking for gz-sensors8-thermal_camera -- found version 8.2.2
[2.572s] -- Searching for dependencies of gz-sensors8-thermal_camera
[2.572s] -- Looking for gz-sensors8 -- found version 8.2.2
[2.574s] -- Searching for <gz-sensors8> component [wide_angle_camera]
[2.576s] -- Looking for gz-sensors8-wide_angle_camera -- found version 8.2.2
[2.577s] -- Searching for dependencies of gz-sensors8-wide_angle_camera
[2.579s] -- Looking for gz-rendering8 -- found version 8.2.3
[2.579s] -- Looking for gz-math7 -- found version 7.5.2
[2.580s] -- Looking for gz-utils2 -- found version 2.2.1
[2.613s] -- Looking for gz-plugin2 -- found version 2.0.4
[2.715s] -- Configuring done (2.7s)
[2.755s] -- Generating done (0.0s)
[2.768s] -- Build files have been written to: /home/omen/tp2_ws/build/turtlebot3_gazebo
[2.786s] Invoked command in '/home/omen/tp2_ws/build/turtlebot3_gazebo' returned '0': CMAKE_PREFIX_PATH=${CMAKE_PREFIX_PATH}:/opt/ros/jazzy DEBUGINFOD_URLS=https://debuginfod.ubuntu.com /usr/bin/cmake /home/omen/tp2_ws/src/turtlebot3_simulations/turtlebot3_gazebo -DCMAKE_INSTALL_PREFIX=/home/omen/tp2_ws/install/turtlebot3_gazebo
[2.787s] Invoking command in '/home/omen/tp2_ws/build/turtlebot3_gazebo': CMAKE_PREFIX_PATH=${CMAKE_PREFIX_PATH}:/opt/ros/jazzy DEBUGINFOD_URLS=https://debuginfod.ubuntu.com /usr/bin/cmake --build /home/omen/tp2_ws/build/turtlebot3_gazebo -- -j16 -l16
[2.842s] [ 25%] [32mBuilding CXX object CMakeFiles/obstacle1.dir/src/obstacle1.cpp.o[0m
[2.842s] [ 25%] [32mBuilding CXX object CMakeFiles/obstacle2.dir/src/obstacle2.cpp.o[0m
[2.843s] [ 37%] [32mBuilding CXX object CMakeFiles/obstacles.dir/src/obstacles.cpp.o[0m
[2.853s] [ 50%] [32mBuilding CXX object CMakeFiles/turtlebot3_drive.dir/src/turtlebot3_drive.cpp.o[0m
[4.442s] [ 62%] [32m[1mLinking CXX shared library libobstacle2.so[0m
[4.470s] [ 75%] [32m[1mLinking CXX shared library libobstacle1.so[0m
[4.596s] [ 75%] Built target obstacle2
[4.643s] [ 75%] Built target obstacle1
[4.682s] [ 87%] [32m[1mLinking CXX shared library libobstacles.so[0m
[4.845s] [ 87%] Built target obstacles
[10.052s] [100%] [32m[1mLinking CXX executable turtlebot3_drive[0m
[10.343s] [100%] Built target turtlebot3_drive
[10.352s] Invoked command in '/home/omen/tp2_ws/build/turtlebot3_gazebo' returned '0': CMAKE_PREFIX_PATH=${CMAKE_PREFIX_PATH}:/opt/ros/jazzy DEBUGINFOD_URLS=https://debuginfod.ubuntu.com /usr/bin/cmake --build /home/omen/tp2_ws/build/turtlebot3_gazebo -- -j16 -l16
[10.354s] Invoking command in '/home/omen/tp2_ws/build/turtlebot3_gazebo': CMAKE_PREFIX_PATH=${CMAKE_PREFIX_PATH}:/opt/ros/jazzy DEBUGINFOD_URLS=https://debuginfod.ubuntu.com /usr/bin/cmake --install /home/omen/tp2_ws/build/turtlebot3_gazebo
[10.362s] -- Install configuration: ""
[10.362s] -- Installing: /home/omen/tp2_ws/install/turtlebot3_gazebo/lib/turtlebot3_gazebo/turtlebot3_drive
[10.367s] -- Set non-toolchain portion of runtime path of "/home/omen/tp2_ws/install/turtlebot3_gazebo/lib/turtlebot3_gazebo/turtlebot3_drive" to ""
[10.367s] -- Installing: /home/omen/tp2_ws/install/turtlebot3_gazebo/lib/turtlebot3_gazebo/libobstacles.so
[10.368s] -- Set non-toolchain portion of runtime path of "/home/omen/tp2_ws/install/turtlebot3_gazebo/lib/turtlebot3_gazebo/libobstacles.so" to ""
[10.368s] -- Installing: /home/omen/tp2_ws/install/turtlebot3_gazebo/lib/turtlebot3_gazebo/libobstacle1.so
[10.368s] -- Set non-toolchain portion of runtime path of "/home/omen/tp2_ws/install/turtlebot3_gazebo/lib/turtlebot3_gazebo/libobstacle1.so" to ""
[10.368s] -- Installing: /home/omen/tp2_ws/install/turtlebot3_gazebo/lib/turtlebot3_gazebo/libobstacle2.so
[10.369s] -- Set non-toolchain portion of runtime path of "/home/omen/tp2_ws/install/turtlebot3_gazebo/lib/turtlebot3_gazebo/libobstacle2.so" to ""
[10.369s] -- Installing: /home/omen/tp2_ws/install/turtlebot3_gazebo/share/turtlebot3_gazebo//launch
[10.369s] -- Installing: /home/omen/tp2_ws/install/turtlebot3_gazebo/share/turtlebot3_gazebo//launch/turtlebot3_dqn_stage4.launch.py
[10.369s] -- Installing: /home/omen/tp2_ws/install/turtlebot3_gazebo/share/turtlebot3_gazebo//launch/empty_world.launch.py
[10.369s] -- Installing: /home/omen/tp2_ws/install/turtlebot3_gazebo/share/turtlebot3_gazebo//launch/turtlebot3_dqn_stage3.launch.py
[10.369s] -- Installing: /home/omen/tp2_ws/install/turtlebot3_gazebo/share/turtlebot3_gazebo//launch/turtlebot3_world.launch.py
[10.370s] -- Installing: /home/omen/tp2_ws/install/turtlebot3_gazebo/share/turtlebot3_gazebo//launch/robot_state_publisher.launch.py
[10.370s] -- Installing: /home/omen/tp2_ws/install/turtlebot3_gazebo/share/turtlebot3_gazebo//launch/spawn_turtlebot3.launch.py
[10.370s] -- Installing: /home/omen/tp2_ws/install/turtlebot3_gazebo/share/turtlebot3_gazebo//launch/turtlebot3_dqn_stage2.launch.py
[10.370s] -- Installing: /home/omen/tp2_ws/install/turtlebot3_gazebo/share/turtlebot3_gazebo//launch/turtlebot3_dqn_stage1.launch.py
[10.370s] -- Installing: /home/omen/tp2_ws/install/turtlebot3_gazebo/share/turtlebot3_gazebo//launch/turtlebot3_house.launch.py
[10.370s] -- Installing: /home/omen/tp2_ws/install/turtlebot3_gazebo/share/turtlebot3_gazebo//models
[10.370s] -- Installing: /home/omen/tp2_ws/install/turtlebot3_gazebo/share/turtlebot3_gazebo//models/turtlebot3_world
[10.370s] -- Installing: /home/omen/tp2_ws/install/turtlebot3_gazebo/share/turtlebot3_gazebo//models/turtlebot3_world/model.config
[10.370s] -- Installing: /home/omen/tp2_ws/install/turtlebot3_gazebo/share/turtlebot3_gazebo//models/turtlebot3_world/model-1_4.sdf
[10.370s] -- Installing: /home/omen/tp2_ws/install/turtlebot3_gazebo/share/turtlebot3_gazebo//models/turtlebot3_world/meshes
[10.370s] -- Installing: /home/omen/tp2_ws/install/turtlebot3_gazebo/share/turtlebot3_gazebo//models/turtlebot3_world/meshes/wall.dae
[10.370s] -- Installing: /home/omen/tp2_ws/install/turtlebot3_gazebo/share/turtlebot3_gazebo//models/turtlebot3_world/meshes/hexagon.dae
[10.370s] -- Installing: /home/omen/tp2_ws/install/turtlebot3_gazebo/share/turtlebot3_gazebo//models/turtlebot3_world/model.sdf
[10.370s] -- Installing: /home/omen/tp2_ws/install/turtlebot3_gazebo/share/turtlebot3_gazebo//models/turtlebot3_waffle
[10.370s] -- Installing: /home/omen/tp2_ws/install/turtlebot3_gazebo/share/turtlebot3_gazebo//models/turtlebot3_waffle/model.config
[10.370s] -- Installing: /home/omen/tp2_ws/install/turtlebot3_gazebo/share/turtlebot3_gazebo//models/turtlebot3_waffle/model-1_4.sdf
[10.370s] -- Installing: /home/omen/tp2_ws/install/turtlebot3_gazebo/share/turtlebot3_gazebo//models/turtlebot3_waffle/model.sdf
[10.370s] -- Installing: /home/omen/tp2_ws/install/turtlebot3_gazebo/share/turtlebot3_gazebo//models/turtlebot3_dqn_world
[10.371s] -- Installing: /home/omen/tp2_ws/install/turtlebot3_gazebo/share/turtlebot3_gazebo//models/turtlebot3_dqn_world/model.config
[10.371s] -- Installing: /home/omen/tp2_ws/install/turtlebot3_gazebo/share/turtlebot3_gazebo//models/turtlebot3_dqn_world/obstacles
[10.371s] -- Installing: /home/omen/tp2_ws/install/turtlebot3_gazebo/share/turtlebot3_gazebo//models/turtlebot3_dqn_world/obstacles/model.config
[10.371s] -- Installing: /home/omen/tp2_ws/install/turtlebot3_gazebo/share/turtlebot3_gazebo//models/turtlebot3_dqn_world/obstacles/model.sdf
[10.371s] -- Installing: /home/omen/tp2_ws/install/turtlebot3_gazebo/share/turtlebot3_gazebo//models/turtlebot3_dqn_world/inner_walls
[10.371s] -- Installing: /home/omen/tp2_ws/install/turtlebot3_gazebo/share/turtlebot3_gazebo//models/turtlebot3_dqn_world/inner_walls/model.config
[10.371s] -- Installing: /home/omen/tp2_ws/install/turtlebot3_gazebo/share/turtlebot3_gazebo//models/turtlebot3_dqn_world/inner_walls/textures
[10.371s] -- Installing: /home/omen/tp2_ws/install/turtlebot3_gazebo/share/turtlebot3_gazebo//models/turtlebot3_dqn_world/inner_walls/textures/wood.png
[10.371s] -- Installing: /home/omen/tp2_ws/install/turtlebot3_gazebo/share/turtlebot3_gazebo//models/turtlebot3_dqn_world/inner_walls/model.sdf
[10.371s] -- Installing: /home/omen/tp2_ws/install/turtlebot3_gazebo/share/turtlebot3_gazebo//models/turtlebot3_dqn_world/textures
[10.371s] -- Installing: /home/omen/tp2_ws/install/turtlebot3_gazebo/share/turtlebot3_gazebo//models/turtlebot3_dqn_world/textures/wood.png
[10.371s] -- Installing: /home/omen/tp2_ws/install/turtlebot3_gazebo/share/turtlebot3_gazebo//models/turtlebot3_dqn_world/obstacle1
[10.371s] -- Installing: /home/omen/tp2_ws/install/turtlebot3_gazebo/share/turtlebot3_gazebo//models/turtlebot3_dqn_world/obstacle1/model.config
[10.371s] -- Installing: /home/omen/tp2_ws/install/turtlebot3_gazebo/share/turtlebot3_gazebo//models/turtlebot3_dqn_world/obstacle1/model.sdf
[10.371s] -- Installing: /home/omen/tp2_ws/install/turtlebot3_gazebo/share/turtlebot3_gazebo//models/turtlebot3_dqn_world/goal_box
[10.371s] -- Installing: /home/omen/tp2_ws/install/turtlebot3_gazebo/share/turtlebot3_gazebo//models/turtlebot3_dqn_world/goal_box/model.config
[10.371s] -- Installing: /home/omen/tp2_ws/install/turtlebot3_gazebo/share/turtlebot3_gazebo//models/turtlebot3_dqn_world/goal_box/model.sdf
[10.372s] -- Installing: /home/omen/tp2_ws/install/turtlebot3_gazebo/share/turtlebot3_gazebo//models/turtlebot3_dqn_world/model.sdf
[10.372s] -- Installing: /home/omen/tp2_ws/install/turtlebot3_gazebo/share/turtlebot3_gazebo//models/turtlebot3_dqn_world/obstacle2
[10.372s] -- Installing: /home/omen/tp2_ws/install/turtlebot3_gazebo/share/turtlebot3_gazebo//models/turtlebot3_dqn_world/obstacle2/model.config
[10.372s] -- Installing: /home/omen/tp2_ws/install/turtlebot3_gazebo/share/turtlebot3_gazebo//models/turtlebot3_dqn_world/obstacle2/model.sdf
[10.372s] -- Installing: /home/omen/tp2_ws/install/turtlebot3_gazebo/share/turtlebot3_gazebo//models/turtlebot3_burger
[10.372s] -- Installing: /home/omen/tp2_ws/install/turtlebot3_gazebo/share/turtlebot3_gazebo//models/turtlebot3_burger/model.config
[10.372s] -- Installing: /home/omen/tp2_ws/install/turtlebot3_gazebo/share/turtlebot3_gazebo//models/turtlebot3_burger/model-1_4.sdf
[10.372s] -- Installing: /home/omen/tp2_ws/install/turtlebot3_gazebo/share/turtlebot3_gazebo//models/turtlebot3_burger/model.sdf
[10.372s] -- Installing: /home/omen/tp2_ws/install/turtlebot3_gazebo/share/turtlebot3_gazebo//models/turtlebot3_common
[10.372s] -- Installing: /home/omen/tp2_ws/install/turtlebot3_gazebo/share/turtlebot3_gazebo//models/turtlebot3_common/model.config
[10.372s] -- Installing: /home/omen/tp2_ws/install/turtlebot3_gazebo/share/turtlebot3_gazebo//models/turtlebot3_common/meshes
[10.372s] -- Installing: /home/omen/tp2_ws/install/turtlebot3_gazebo/share/turtlebot3_gazebo//models/turtlebot3_common/meshes/wheels
[10.372s] -- Installing: /home/omen/tp2_ws/install/turtlebot3_gazebo/share/turtlebot3_gazebo//models/turtlebot3_common/meshes/wheels/right_tire.stl
[10.372s] -- Installing: /home/omen/tp2_ws/install/turtlebot3_gazebo/share/turtlebot3_gazebo//models/turtlebot3_common/meshes/wheels/left_tire.stl
[10.372s] -- Installing: /home/omen/tp2_ws/install/turtlebot3_gazebo/share/turtlebot3_gazebo//models/turtlebot3_common/meshes/burger_base.dae
[10.372s] -- Installing: /home/omen/tp2_ws/install/turtlebot3_gazebo/share/turtlebot3_gazebo//models/turtlebot3_common/meshes/sensors
[10.373s] -- Installing: /home/omen/tp2_ws/install/turtlebot3_gazebo/share/turtlebot3_gazebo//models/turtlebot3_common/meshes/sensors/lds.stl
[10.373s] -- Installing: /home/omen/tp2_ws/install/turtlebot3_gazebo/share/turtlebot3_gazebo//models/turtlebot3_common/meshes/sensors/astra.dae
[10.377s] -- Installing: /home/omen/tp2_ws/install/turtlebot3_gazebo/share/turtlebot3_gazebo//models/turtlebot3_common/meshes/sensors/astra.jpg
[10.378s] -- Installing: /home/omen/tp2_ws/install/turtlebot3_gazebo/share/turtlebot3_gazebo//models/turtlebot3_common/meshes/sensors/r200.jpg
[10.378s] -- Installing: /home/omen/tp2_ws/install/turtlebot3_gazebo/share/turtlebot3_gazebo//models/turtlebot3_common/meshes/sensors/r200.dae
[10.378s] -- Installing: /home/omen/tp2_ws/install/turtlebot3_gazebo/share/turtlebot3_gazebo//models/turtlebot3_common/meshes/tire.dae
[10.378s] -- Installing: /home/omen/tp2_ws/install/turtlebot3_gazebo/share/turtlebot3_gazebo//models/turtlebot3_common/meshes/waffle_base.dae
[10.378s] -- Installing: /home/omen/tp2_ws/install/turtlebot3_gazebo/share/turtlebot3_gazebo//models/turtlebot3_common/meshes/waffle_pi_base.dae
[10.378s] -- Installing: /home/omen/tp2_ws/install/turtlebot3_gazebo/share/turtlebot3_gazebo//models/turtlebot3_common/meshes/lds.dae
[10.378s] -- Installing: /home/omen/tp2_ws/install/turtlebot3_gazebo/share/turtlebot3_gazebo//models/turtlebot3_common/meshes/bases
[10.378s] -- Installing: /home/omen/tp2_ws/install/turtlebot3_gazebo/share/turtlebot3_gazebo//models/turtlebot3_common/meshes/bases/waffle_pi_base.stl
[10.382s] -- Installing: /home/omen/tp2_ws/install/turtlebot3_gazebo/share/turtlebot3_gazebo//models/turtlebot3_common/meshes/bases/waffle_base.stl
[10.390s] -- Installing: /home/omen/tp2_ws/install/turtlebot3_gazebo/share/turtlebot3_gazebo//models/turtlebot3_common/meshes/bases/burger_base.stl
[10.393s] -- Installing: /home/omen/tp2_ws/install/turtlebot3_gazebo/share/turtlebot3_gazebo//models/turtlebot3_common/meshes/r200.dae
[10.393s] -- Installing: /home/omen/tp2_ws/install/turtlebot3_gazebo/share/turtlebot3_gazebo//models/turtlebot3_house
[10.393s] -- Installing: /home/omen/tp2_ws/install/turtlebot3_gazebo/share/turtlebot3_gazebo//models/turtlebot3_house/model.config
[10.393s] -- Installing: /home/omen/tp2_ws/install/turtlebot3_gazebo/share/turtlebot3_gazebo//models/turtlebot3_house/first_2015_trash_can
[10.393s] -- Installing: /home/omen/tp2_ws/install/turtlebot3_gazebo/share/turtlebot3_gazebo//models/turtlebot3_house/first_2015_trash_can/model.config
[10.393s] -- Installing: /home/omen/tp2_ws/install/turtlebot3_gazebo/share/turtlebot3_gazebo//models/turtlebot3_house/first_2015_trash_can/meshes
[10.393s] -- Installing: /home/omen/tp2_ws/install/turtlebot3_gazebo/share/turtlebot3_gazebo//models/turtlebot3_house/first_2015_trash_can/meshes/trash_can.dae
[10.393s] -- Installing: /home/omen/tp2_ws/install/turtlebot3_gazebo/share/turtlebot3_gazebo//models/turtlebot3_house/first_2015_trash_can/model.sdf
[10.393s] -- Installing: /home/omen/tp2_ws/install/turtlebot3_gazebo/share/turtlebot3_gazebo//models/turtlebot3_house/textures
[10.393s] -- Installing: /home/omen/tp2_ws/install/turtlebot3_gazebo/share/turtlebot3_gazebo//models/turtlebot3_house/textures/wood.png
[10.394s] -- Installing: /home/omen/tp2_ws/install/turtlebot3_gazebo/share/turtlebot3_gazebo//models/turtlebot3_house/textures/bricks.png
[10.395s] -- Installing: /home/omen/tp2_ws/install/turtlebot3_gazebo/share/turtlebot3_gazebo//models/turtlebot3_house/table_marble
[10.395s] -- Installing: /home/omen/tp2_ws/install/turtlebot3_gazebo/share/turtlebot3_gazebo//models/turtlebot3_house/table_marble/model.config
[10.396s] -- Installing: /home/omen/tp2_ws/install/turtlebot3_gazebo/share/turtlebot3_gazebo//models/turtlebot3_house/table_marble/materials
[10.396s] -- Installing: /home/omen/tp2_ws/install/turtlebot3_gazebo/share/turtlebot3_gazebo//models/turtlebot3_house/table_marble/materials/textures
[10.396s] -- Installing: /home/omen/tp2_ws/install/turtlebot3_gazebo/share/turtlebot3_gazebo//models/turtlebot3_house/table_marble/materials/textures/marble.png
[10.397s] -- Installing: /home/omen/tp2_ws/install/turtlebot3_gazebo/share/turtlebot3_gazebo//models/turtlebot3_house/table_marble/materials/textures/table_lightmap.png
[10.397s] -- Installing: /home/omen/tp2_ws/install/turtlebot3_gazebo/share/turtlebot3_gazebo//models/turtlebot3_house/table_marble/materials/scripts
[10.397s] -- Installing: /home/omen/tp2_ws/install/turtlebot3_gazebo/share/turtlebot3_gazebo//models/turtlebot3_house/table_marble/materials/scripts/table_lightmap.material
[10.398s] -- Installing: /home/omen/tp2_ws/install/turtlebot3_gazebo/share/turtlebot3_gazebo//models/turtlebot3_house/table_marble/model-1_4.sdf
[10.398s] -- Installing: /home/omen/tp2_ws/install/turtlebot3_gazebo/share/turtlebot3_gazebo//models/turtlebot3_house/table_marble/meshes
[10.398s] -- Installing: /home/omen/tp2_ws/install/turtlebot3_gazebo/share/turtlebot3_gazebo//models/turtlebot3_house/table_marble/meshes/table_lightmap.dae
[10.398s] -- Installing: /home/omen/tp2_ws/install/turtlebot3_gazebo/share/turtlebot3_gazebo//models/turtlebot3_house/table_marble/model.sdf
[10.398s] -- Installing: /home/omen/tp2_ws/install/turtlebot3_gazebo/share/turtlebot3_gazebo//models/turtlebot3_house/mailbox
[10.398s] -- Installing: /home/omen/tp2_ws/install/turtlebot3_gazebo/share/turtlebot3_gazebo//models/turtlebot3_house/mailbox/model.config
[10.398s] -- Installing: /home/omen/tp2_ws/install/turtlebot3_gazebo/share/turtlebot3_gazebo//models/turtlebot3_house/mailbox/materials
[10.398s] -- Installing: /home/omen/tp2_ws/install/turtlebot3_gazebo/share/turtlebot3_gazebo//models/turtlebot3_house/mailbox/materials/textures
[10.398s] -- Installing: /home/omen/tp2_ws/install/turtlebot3_gazebo/share/turtlebot3_gazebo//models/turtlebot3_house/mailbox/materials/textures/Mailbox_Spec.png
[10.398s] -- Installing: /home/omen/tp2_ws/install/turtlebot3_gazebo/share/turtlebot3_gazebo//models/turtlebot3_house/mailbox/materials/textures/Mailbox_Diffuse.tga.orig
[10.398s] -- Installing: /home/omen/tp2_ws/install/turtlebot3_gazebo/share/turtlebot3_gazebo//models/turtlebot3_house/mailbox/materials/textures/Mailbox_Diffuse.png
[10.398s] -- Installing: /home/omen/tp2_ws/install/turtlebot3_gazebo/share/turtlebot3_gazebo//models/turtlebot3_house/mailbox/materials/scripts
[10.398s] -- Installing: /home/omen/tp2_ws/install/turtlebot3_gazebo/share/turtlebot3_gazebo//models/turtlebot3_house/mailbox/materials/scripts/mailbox.material
[10.398s] -- Installing: /home/omen/tp2_ws/install/turtlebot3_gazebo/share/turtlebot3_gazebo//models/turtlebot3_house/mailbox/model-1_3.sdf
[10.398s] -- Installing: /home/omen/tp2_ws/install/turtlebot3_gazebo/share/turtlebot3_gazebo//models/turtlebot3_house/mailbox/model-1_4.sdf
[10.398s] -- Installing: /home/omen/tp2_ws/install/turtlebot3_gazebo/share/turtlebot3_gazebo//models/turtlebot3_house/mailbox/meshes
[10.398s] -- Installing: /home/omen/tp2_ws/install/turtlebot3_gazebo/share/turtlebot3_gazebo//models/turtlebot3_house/mailbox/meshes/mailbox.dae
[10.398s] -- Installing: /home/omen/tp2_ws/install/turtlebot3_gazebo/share/turtlebot3_gazebo//models/turtlebot3_house/mailbox/model.sdf
[10.398s] -- Installing: /home/omen/tp2_ws/install/turtlebot3_gazebo/share/turtlebot3_gazebo//models/turtlebot3_house/model.sdf
[10.398s] -- Installing: /home/omen/tp2_ws/install/turtlebot3_gazebo/share/turtlebot3_gazebo//models/turtlebot3_house/cafe_table
[10.398s] -- Installing: /home/omen/tp2_ws/install/turtlebot3_gazebo/share/turtlebot3_gazebo//models/turtlebot3_house/cafe_table/model.config
[10.399s] -- Installing: /home/omen/tp2_ws/install/turtlebot3_gazebo/share/turtlebot3_gazebo//models/turtlebot3_house/cafe_table/materials
[10.399s] -- Installing: /home/omen/tp2_ws/install/turtlebot3_gazebo/share/turtlebot3_gazebo//models/turtlebot3_house/cafe_table/materials/textures
[10.399s] -- Installing: /home/omen/tp2_ws/install/turtlebot3_gazebo/share/turtlebot3_gazebo//models/turtlebot3_house/cafe_table/materials/textures/Wood_Floor_Dark.jpg
[10.399s] -- Installing: /home/omen/tp2_ws/install/turtlebot3_gazebo/share/turtlebot3_gazebo//models/turtlebot3_house/cafe_table/materials/textures/Maple.jpg
[10.399s] -- Installing: /home/omen/tp2_ws/install/turtlebot3_gazebo/share/turtlebot3_gazebo//models/turtlebot3_house/cafe_table/model-1_4.sdf
[10.399s] -- Installing: /home/omen/tp2_ws/install/turtlebot3_gazebo/share/turtlebot3_gazebo//models/turtlebot3_house/cafe_table/meshes
[10.399s] -- Installing: /home/omen/tp2_ws/install/turtlebot3_gazebo/share/turtlebot3_gazebo//models/turtlebot3_house/cafe_table/meshes/cafe_table.dae
[10.399s] -- Installing: /home/omen/tp2_ws/install/turtlebot3_gazebo/share/turtlebot3_gazebo//models/turtlebot3_house/cafe_table/model.sdf
[10.399s] -- Installing: /home/omen/tp2_ws/install/turtlebot3_gazebo/share/turtlebot3_gazebo//models/turtlebot3_waffle_pi
[10.399s] -- Installing: /home/omen/tp2_ws/install/turtlebot3_gazebo/share/turtlebot3_gazebo//models/turtlebot3_waffle_pi/model.config
[10.399s] -- Installing: /home/omen/tp2_ws/install/turtlebot3_gazebo/share/turtlebot3_gazebo//models/turtlebot3_waffle_pi/model-1_4_.sdf
[10.399s] -- Installing: /home/omen/tp2_ws/install/turtlebot3_gazebo/share/turtlebot3_gazebo//models/turtlebot3_waffle_pi/model.sdf
[10.399s] -- Installing: /home/omen/tp2_ws/install/turtlebot3_gazebo/share/turtlebot3_gazebo//models/turtlebot3_burger_cam
[10.399s] -- Installing: /home/omen/tp2_ws/install/turtlebot3_gazebo/share/turtlebot3_gazebo//models/turtlebot3_burger_cam/model.config
[10.399s] -- Installing: /home/omen/tp2_ws/install/turtlebot3_gazebo/share/turtlebot3_gazebo//models/turtlebot3_burger_cam/model-1_4.sdf
[10.399s] -- Installing: /home/omen/tp2_ws/install/turtlebot3_gazebo/share/turtlebot3_gazebo//models/turtlebot3_burger_cam/model.sdf
[10.399s] -- Installing: /home/omen/tp2_ws/install/turtlebot3_gazebo/share/turtlebot3_gazebo//params
[10.399s] -- Installing: /home/omen/tp2_ws/install/turtlebot3_gazebo/share/turtlebot3_gazebo//params/turtlebot3_waffle_pi_bridge.yaml
[10.399s] -- Installing: /home/omen/tp2_ws/install/turtlebot3_gazebo/share/turtlebot3_gazebo//params/turtlebot3_waffle_bridge.yaml
[10.399s] -- Installing: /home/omen/tp2_ws/install/turtlebot3_gazebo/share/turtlebot3_gazebo//params/turtlebot3_burger_bridge.yaml
[10.399s] -- Installing: /home/omen/tp2_ws/install/turtlebot3_gazebo/share/turtlebot3_gazebo//params/turtlebot3_burger_cam_bridge.yaml
[10.399s] -- Installing: /home/omen/tp2_ws/install/turtlebot3_gazebo/share/turtlebot3_gazebo//rviz
[10.399s] -- Installing: /home/omen/tp2_ws/install/turtlebot3_gazebo/share/turtlebot3_gazebo//rviz/tb3_gazebo.rviz
[10.399s] -- Installing: /home/omen/tp2_ws/install/turtlebot3_gazebo/share/turtlebot3_gazebo//urdf
[10.399s] -- Installing: /home/omen/tp2_ws/install/turtlebot3_gazebo/share/turtlebot3_gazebo//urdf/turtlebot3_burger.urdf
[10.400s] -- Installing: /home/omen/tp2_ws/install/turtlebot3_gazebo/share/turtlebot3_gazebo//urdf/common_properties.urdf
[10.400s] -- Installing: /home/omen/tp2_ws/install/turtlebot3_gazebo/share/turtlebot3_gazebo//urdf/turtlebot3_waffle.urdf
[10.400s] -- Installing: /home/omen/tp2_ws/install/turtlebot3_gazebo/share/turtlebot3_gazebo//urdf/turtlebot3_waffle_pi.urdf
[10.400s] -- Installing: /home/omen/tp2_ws/install/turtlebot3_gazebo/share/turtlebot3_gazebo//urdf/turtlebot3_burger_cam.urdf
[10.400s] -- Installing: /home/omen/tp2_ws/install/turtlebot3_gazebo/share/turtlebot3_gazebo//worlds
[10.400s] -- Installing: /home/omen/tp2_ws/install/turtlebot3_gazebo/share/turtlebot3_gazebo//worlds/turtlebot3_house.world
[10.400s] -- Installing: /home/omen/tp2_ws/install/turtlebot3_gazebo/share/turtlebot3_gazebo//worlds/empty_world.world
[10.400s] -- Installing: /home/omen/tp2_ws/install/turtlebot3_gazebo/share/turtlebot3_gazebo//worlds/turtlebot3_dqn_stage3.world
[10.400s] -- Installing: /home/omen/tp2_ws/install/turtlebot3_gazebo/share/turtlebot3_gazebo//worlds/turtlebot3_dqn_stage1.world
[10.400s] -- Installing: /home/omen/tp2_ws/install/turtlebot3_gazebo/share/turtlebot3_gazebo//worlds/turtlebot3_dqn_stage2.world
[10.400s] -- Installing: /home/omen/tp2_ws/install/turtlebot3_gazebo/share/turtlebot3_gazebo//worlds/turtlebot3_autorace_2020.world
[10.400s] -- Installing: /home/omen/tp2_ws/install/turtlebot3_gazebo/share/turtlebot3_gazebo//worlds/turtlebot3_world.world
[10.400s] -- Installing: /home/omen/tp2_ws/install/turtlebot3_gazebo/share/turtlebot3_gazebo//worlds/turtlebot3_dqn_stage4.world
[10.400s] -- Installing: /home/omen/tp2_ws/install/turtlebot3_gazebo/include/
[10.400s] -- Installing: /home/omen/tp2_ws/install/turtlebot3_gazebo/include//turtlebot3_gazebo
[10.400s] -- Installing: /home/omen/tp2_ws/install/turtlebot3_gazebo/include//turtlebot3_gazebo/traffic_bar_plugin.hpp
[10.400s] -- Installing: /home/omen/tp2_ws/install/turtlebot3_gazebo/include//turtlebot3_gazebo/turtlebot3_drive.hpp
[10.400s] -- Installing: /home/omen/tp2_ws/install/turtlebot3_gazebo/include//turtlebot3_gazebo/obstacles.hpp
[10.400s] -- Installing: /home/omen/tp2_ws/install/turtlebot3_gazebo/include//turtlebot3_gazebo/traffic_light_plugin.hpp
[10.400s] -- Installing: /home/omen/tp2_ws/install/turtlebot3_gazebo/include//turtlebot3_gazebo/obstacle1.hpp
[10.400s] -- Installing: /home/omen/tp2_ws/install/turtlebot3_gazebo/include//turtlebot3_gazebo/obstacle2.hpp
[10.401s] -- Installing: /home/omen/tp2_ws/install/turtlebot3_gazebo/share/ament_index/resource_index/package_run_dependencies/turtlebot3_gazebo
[10.401s] -- Installing: /home/omen/tp2_ws/install/turtlebot3_gazebo/share/ament_index/resource_index/parent_prefix_path/turtlebot3_gazebo
[10.401s] -- Installing: /home/omen/tp2_ws/install/turtlebot3_gazebo/share/turtlebot3_gazebo/environment/ament_prefix_path.sh
[10.401s] -- Installing: /home/omen/tp2_ws/install/turtlebot3_gazebo/share/turtlebot3_gazebo/environment/ament_prefix_path.dsv
[10.401s] -- Installing: /home/omen/tp2_ws/install/turtlebot3_gazebo/share/turtlebot3_gazebo/environment/path.sh
[10.401s] -- Installing: /home/omen/tp2_ws/install/turtlebot3_gazebo/share/turtlebot3_gazebo/environment/path.dsv
[10.401s] -- Installing: /home/omen/tp2_ws/install/turtlebot3_gazebo/share/turtlebot3_gazebo/local_setup.bash
[10.401s] -- Installing: /home/omen/tp2_ws/install/turtlebot3_gazebo/share/turtlebot3_gazebo/local_setup.sh
[10.401s] -- Installing: /home/omen/tp2_ws/install/turtlebot3_gazebo/share/turtlebot3_gazebo/local_setup.zsh
[10.401s] -- Installing: /home/omen/tp2_ws/install/turtlebot3_gazebo/share/turtlebot3_gazebo/local_setup.dsv
[10.401s] -- Installing: /home/omen/tp2_ws/install/turtlebot3_gazebo/share/turtlebot3_gazebo/package.dsv
[10.401s] -- Installing: /home/omen/tp2_ws/install/turtlebot3_gazebo/share/ament_index/resource_index/packages/turtlebot3_gazebo
[10.401s] -- Installing: /home/omen/tp2_ws/install/turtlebot3_gazebo/share/turtlebot3_gazebo/cmake/ament_cmake_export_include_directories-extras.cmake
[10.401s] -- Installing: /home/omen/tp2_ws/install/turtlebot3_gazebo/share/turtlebot3_gazebo/cmake/ament_cmake_export_dependencies-extras.cmake
[10.401s] -- Installing: /home/omen/tp2_ws/install/turtlebot3_gazebo/share/turtlebot3_gazebo/cmake/turtlebot3_gazeboConfig.cmake
[10.401s] -- Installing: /home/omen/tp2_ws/install/turtlebot3_gazebo/share/turtlebot3_gazebo/cmake/turtlebot3_gazeboConfig-version.cmake
[10.401s] -- Installing: /home/omen/tp2_ws/install/turtlebot3_gazebo/share/turtlebot3_gazebo/package.xml
[10.402s] Invoked command in '/home/omen/tp2_ws/build/turtlebot3_gazebo' returned '0': CMAKE_PREFIX_PATH=${CMAKE_PREFIX_PATH}:/opt/ros/jazzy DEBUGINFOD_URLS=https://debuginfod.ubuntu.com /usr/bin/cmake --install /home/omen/tp2_ws/build/turtlebot3_gazebo
